Component: ARM Compiler 5.06 update 5 (build 528) Tool: armlink [4d35e2]

==============================================================================

Section Cross References

    system_stm32f10x.o(i.SetSysClock) refers to system_stm32f10x.o(i.SetSysClockTo72) for SetSysClockTo72
    system_stm32f10x.o(i.SystemCoreClockUpdate) refers to system_stm32f10x.o(.data) for SystemCoreClock
    system_stm32f10x.o(i.SystemInit) refers to system_stm32f10x.o(i.SetSysClock) for SetSysClock
    startup_stm32f10x_md.o(RESET) refers to startup_stm32f10x_md.o(STACK) for __initial_sp
    startup_stm32f10x_md.o(RESET) refers to startup_stm32f10x_md.o(.text) for Reset_Handler
    startup_stm32f10x_md.o(RESET) refers to key.o(i.EXTI0_IRQHandler) for EXTI0_IRQHandler
    startup_stm32f10x_md.o(RESET) refers to key.o(i.EXTI3_IRQHandler) for EXTI3_IRQHandler
    startup_stm32f10x_md.o(RESET) refers to dma1.o(i.DMA1_Channel2_IRQHandler) for DMA1_Channel2_IRQHandler
    startup_stm32f10x_md.o(RESET) refers to key.o(i.EXTI9_5_IRQHandler) for EXTI9_5_IRQHandler
    startup_stm32f10x_md.o(RESET) refers to tim3.o(i.TIM3_IRQHandler) for TIM3_IRQHandler
    startup_stm32f10x_md.o(RESET) refers to tim4.o(i.TIM4_IRQHandler) for TIM4_IRQHandler
    startup_stm32f10x_md.o(RESET) refers to key.o(i.EXTI15_10_IRQHandler) for EXTI15_10_IRQHandler
    startup_stm32f10x_md.o(.text) refers to system_stm32f10x.o(i.SystemInit) for SystemInit
    startup_stm32f10x_md.o(.text) refers to entry.o(.ARM.Collect$$$$00000000) for __main
    stm32f10x_adc.o(i.ADC_DeInit) refers to stm32f10x_rcc.o(i.RCC_APB2PeriphResetCmd) for RCC_APB2PeriphResetCmd
    stm32f10x_bkp.o(i.BKP_DeInit) refers to stm32f10x_rcc.o(i.RCC_BackupResetCmd) for RCC_BackupResetCmd
    stm32f10x_can.o(i.CAN_DeInit) refers to stm32f10x_rcc.o(i.RCC_APB1PeriphResetCmd) for RCC_APB1PeriphResetCmd
    stm32f10x_can.o(i.CAN_GetITStatus) refers to stm32f10x_can.o(i.CheckITStatus) for CheckITStatus
    stm32f10x_cec.o(i.CEC_DeInit) refers to stm32f10x_rcc.o(i.RCC_APB1PeriphResetCmd) for RCC_APB1PeriphResetCmd
    stm32f10x_dac.o(i.DAC_DeInit) refers to stm32f10x_rcc.o(i.RCC_APB1PeriphResetCmd) for RCC_APB1PeriphResetCmd
    stm32f10x_flash.o(i.FLASH_EnableWriteProtection) refers to stm32f10x_flash.o(i.FLASH_WaitForLastOperation) for FLASH_WaitForLastOperation
    stm32f10x_flash.o(i.FLASH_EraseAllBank1Pages) refers to stm32f10x_flash.o(i.FLASH_WaitForLastBank1Operation) for FLASH_WaitForLastBank1Operation
    stm32f10x_flash.o(i.FLASH_EraseAllPages) refers to stm32f10x_flash.o(i.FLASH_WaitForLastOperation) for FLASH_WaitForLastOperation
    stm32f10x_flash.o(i.FLASH_EraseOptionBytes) refers to stm32f10x_flash.o(i.FLASH_GetReadOutProtectionStatus) for FLASH_GetReadOutProtectionStatus
    stm32f10x_flash.o(i.FLASH_EraseOptionBytes) refers to stm32f10x_flash.o(i.FLASH_WaitForLastOperation) for FLASH_WaitForLastOperation
    stm32f10x_flash.o(i.FLASH_ErasePage) refers to stm32f10x_flash.o(i.FLASH_WaitForLastOperation) for FLASH_WaitForLastOperation
    stm32f10x_flash.o(i.FLASH_ProgramHalfWord) refers to stm32f10x_flash.o(i.FLASH_WaitForLastOperation) for FLASH_WaitForLastOperation
    stm32f10x_flash.o(i.FLASH_ProgramOptionByteData) refers to stm32f10x_flash.o(i.FLASH_WaitForLastOperation) for FLASH_WaitForLastOperation
    stm32f10x_flash.o(i.FLASH_ProgramWord) refers to stm32f10x_flash.o(i.FLASH_WaitForLastOperation) for FLASH_WaitForLastOperation
    stm32f10x_flash.o(i.FLASH_ReadOutProtection) refers to stm32f10x_flash.o(i.FLASH_WaitForLastOperation) for FLASH_WaitForLastOperation
    stm32f10x_flash.o(i.FLASH_UserOptionByteConfig) refers to stm32f10x_flash.o(i.FLASH_WaitForLastOperation) for FLASH_WaitForLastOperation
    stm32f10x_flash.o(i.FLASH_WaitForLastBank1Operation) refers to stm32f10x_flash.o(i.FLASH_GetBank1Status) for FLASH_GetBank1Status
    stm32f10x_flash.o(i.FLASH_WaitForLastOperation) refers to stm32f10x_flash.o(i.FLASH_GetBank1Status) for FLASH_GetBank1Status
    stm32f10x_gpio.o(i.GPIO_AFIODeInit) refers to stm32f10x_rcc.o(i.RCC_APB2PeriphResetCmd) for RCC_APB2PeriphResetCmd
    stm32f10x_gpio.o(i.GPIO_DeInit) refers to stm32f10x_rcc.o(i.RCC_APB2PeriphResetCmd) for RCC_APB2PeriphResetCmd
    stm32f10x_i2c.o(i.I2C_DeInit) refers to stm32f10x_rcc.o(i.RCC_APB1PeriphResetCmd) for RCC_APB1PeriphResetCmd
    stm32f10x_i2c.o(i.I2C_Init) refers to stm32f10x_rcc.o(i.RCC_GetClocksFreq) for RCC_GetClocksFreq
    stm32f10x_pwr.o(i.PWR_DeInit) refers to stm32f10x_rcc.o(i.RCC_APB1PeriphResetCmd) for RCC_APB1PeriphResetCmd
    stm32f10x_rcc.o(i.RCC_GetClocksFreq) refers to stm32f10x_rcc.o(.data) for APBAHBPrescTable
    stm32f10x_rcc.o(i.RCC_WaitForHSEStartUp) refers to stm32f10x_rcc.o(i.RCC_GetFlagStatus) for RCC_GetFlagStatus
    stm32f10x_rtc.o(i.RTC_SetAlarm) refers to stm32f10x_rtc.o(i.RTC_EnterConfigMode) for RTC_EnterConfigMode
    stm32f10x_rtc.o(i.RTC_SetAlarm) refers to stm32f10x_rtc.o(i.RTC_ExitConfigMode) for RTC_ExitConfigMode
[...]
    Removing stm32f10x_adc.o(i.ADC_ResetCalibration), (10 bytes).
    Removing stm32f10x_adc.o(i.ADC_SetInjectedOffset), (20 bytes).
    Removing stm32f10x_adc.o(i.ADC_SoftwareStartConvCmd), (22 bytes).
    Removing stm32f10x_adc.o(i.ADC_SoftwareStartInjectedConvCmd), (22 bytes).
    Removing stm32f10x_adc.o(i.ADC_StartCalibration), (10 bytes).
    Removing stm32f10x_adc.o(i.ADC_StructInit), (18 bytes).
    Removing stm32f10x_adc.o(i.ADC_TempSensorVrefintCmd), (36 bytes).
    Removing stm32f10x_bkp.o(i.BKP_ClearFlag), (20 bytes).
    Removing stm32f10x_bkp.o(i.BKP_ClearITPendingBit), (20 bytes).
    Removing stm32f10x_bkp.o(i.BKP_DeInit), (16 bytes).
    Removing stm32f10x_bkp.o(i.BKP_GetFlagStatus), (12 bytes).
    Removing stm32f10x_bkp.o(i.BKP_GetITStatus), (12 bytes).
    Removing stm32f10x_bkp.o(i.BKP_ITConfig), (12 bytes).
    Removing stm32f10x_bkp.o(i.BKP_RTCOutputConfig), (28 bytes).
    Removing stm32f10x_bkp.o(i.BKP_SetRTCCalibrationValue), (28 bytes).
    Removing stm32f10x_bkp.o(i.BKP_TamperPinCmd), (12 bytes).
    Removing stm32f10x_bkp.o(i.BKP_TamperPinLevelConfig), (12 bytes).
    Removing stm32f10x_can.o(i.CAN_CancelTransmit), (48 bytes).
    Removing stm32f10x_can.o(i.CAN_ClearFlag), (56 bytes).
    Removing stm32f10x_can.o(i.CAN_ClearITPendingBit), (168 bytes).
    Removing stm32f10x_can.o(i.CAN_DBGFreeze), (22 bytes).
    Removing stm32f10x_can.o(i.CAN_DeInit), (56 bytes).
    Removing stm32f10x_can.o(i.CAN_FIFORelease), (22 bytes).
    Removing stm32f10x_can.o(i.CAN_FilterInit), (264 bytes).
    Removing stm32f10x_can.o(i.CAN_GetFlagStatus), (120 bytes).
    Removing stm32f10x_can.o(i.CAN_GetITStatus), (288 bytes).
    Removing stm32f10x_can.o(i.CAN_GetLSBTransmitErrorCounter), (12 bytes).
    Removing stm32f10x_can.o(i.CAN_GetLastErrorCode), (12 bytes).
    Removing stm32f10x_can.o(i.CAN_GetReceiveErrorCounter), (10 bytes).
    Removing stm32f10x_can.o(i.CAN_ITConfig), (18 bytes).
    Removing stm32f10x_can.o(i.CAN_Init), (276 bytes).
    Removing stm32f10x_can.o(i.CAN_MessagePending), (30 bytes).
    Removing stm32f10x_can.o(i.CAN_OperatingModeRequest), (162 bytes).
    Removing stm32f10x_can.o(i.CAN_Receive), (240 bytes).
    Removing stm32f10x_can.o(i.CAN_SlaveStartBank), (52 bytes).
    Removing stm32f10x_can.o(i.CAN_Sleep), (30 bytes).
    Removing stm32f10x_can.o(i.CAN_StructInit), (32 bytes).
    Removing stm32f10x_can.o(i.CAN_TTComModeCmd), (118 bytes).
    Removing stm32f10x_can.o(i.CAN_Transmit), (294 bytes).
    Removing stm32f10x_can.o(i.CAN_TransmitStatus), (160 bytes).
    Removing stm32f10x_can.o(i.CAN_WakeUp), (48 bytes).
    Removing stm32f10x_can.o(i.CheckITStatus), (18 bytes).
    Removing stm32f10x_cec.o(i.CEC_ClearFlag), (36 bytes).
    Removing stm32f10x_cec.o(i.CEC_ClearITPendingBit), (36 bytes).
    Removing stm32f10x_cec.o(i.CEC_Cmd), (32 bytes).
    Removing stm32f10x_cec.o(i.CEC_DeInit), (22 bytes).
    Removing stm32f10x_cec.o(i.CEC_EndOfMessageCmd), (12 bytes).
    Removing stm32f10x_cec.o(i.CEC_GetFlagStatus), (48 bytes).
    Removing stm32f10x_cec.o(i.CEC_GetITStatus), (40 bytes).
    Removing stm32f10x_cec.o(i.CEC_ITConfig), (12 bytes).
    Removing stm32f10x_cec.o(i.CEC_Init), (32 bytes).
    Removing stm32f10x_cec.o(i.CEC_OwnAddressConfig), (12 bytes).
    Removing stm32f10x_cec.o(i.CEC_ReceiveDataByte), (12 bytes).
    Removing stm32f10x_cec.o(i.CEC_SendDataByte), (12 bytes).
    Removing stm32f10x_cec.o(i.CEC_SetPrescaler), (12 bytes).
    Removing stm32f10x_cec.o(i.CEC_StartOfMessage), (12 bytes).
    Removing stm32f10x_crc.o(i.CRC_CalcBlockCRC), (36 bytes).
    Removing stm32f10x_crc.o(i.CRC_CalcCRC), (16 bytes).
    Removing stm32f10x_crc.o(i.CRC_GetCRC), (12 bytes).
    Removing stm32f10x_crc.o(i.CRC_GetIDRegister), (12 bytes).
    Removing stm32f10x_crc.o(i.CRC_ResetDR), (12 bytes).
    Removing stm32f10x_crc.o(i.CRC_SetIDRegister), (12 bytes).
    Removing stm32f10x_dac.o(i.DAC_Cmd), (40 bytes).
    Removing stm32f10x_dac.o(i.DAC_DMACmd), (44 bytes).
    Removing stm32f10x_dac.o(i.DAC_DeInit), (22 bytes).
    Removing stm32f10x_dac.o(i.DAC_DualSoftwareTriggerCmd), (36 bytes).
    Removing stm32f10x_dac.o(i.DAC_GetDataOutputValue), (36 bytes).
    Removing stm32f10x_dac.o(i.DAC_Init), (52 bytes).
    Removing stm32f10x_dac.o(i.DAC_SetChannel1Data), (32 bytes).
    Removing stm32f10x_dac.o(i.DAC_SetChannel2Data), (32 bytes).
    Removing stm32f10x_dac.o(i.DAC_SetDualChannelData), (36 bytes).
    Removing stm32f10x_dac.o(i.DAC_SoftwareTriggerCmd), (44 bytes).
    Removing stm32f10x_dac.o(i.DAC_StructInit), (12 bytes).
    Removing stm32f10x_dac.o(i.DAC_WaveGenerationCmd), (40 bytes).
    Removing stm32f10x_dbgmcu.o(i.DBGMCU_Config), (32 bytes).
    Removing stm32f10x_dbgmcu.o(i.DBGMCU_GetDEVID), (16 bytes).
    Removing stm32f10x_dbgmcu.o(i.DBGMCU_GetREVID), (12 bytes).
    Removing stm32f10x_dma.o(i.DMA_ClearITPendingBit), (28 bytes).
    Removing stm32f10x_dma.o(i.DMA_GetCurrDataCounter), (8 bytes).
    Removing stm32f10x_dma.o(i.DMA_GetITStatus), (44 bytes).
    Removing stm32f10x_dma.o(i.DMA_StructInit), (26 bytes).
    Removing stm32f10x_exti.o(i.EXTI_ClearFlag), (12 bytes).
    Removing stm32f10x_exti.o(i.EXTI_DeInit), (36 bytes).
    Removing stm32f10x_exti.o(i.EXTI_GenerateSWInterrupt), (16 bytes).
    Removing stm32f10x_exti.o(i.EXTI_GetFlagStatus), (24 bytes).
    Removing stm32f10x_exti.o(i.EXTI_StructInit), (16 bytes).
    Removing stm32f10x_flash.o(i.FLASH_ClearFlag), (12 bytes).
    Removing stm32f10x_flash.o(i.FLASH_EnableWriteProtection), (196 bytes).
    Removing stm32f10x_flash.o(i.FLASH_EraseAllBank1Pages), (72 bytes).
    Removing stm32f10x_flash.o(i.FLASH_EraseAllPages), (72 bytes).
    Removing stm32f10x_flash.o(i.FLASH_EraseOptionBytes), (168 bytes).
    Removing stm32f10x_flash.o(i.FLASH_ErasePage), (76 bytes).
    Removing stm32f10x_flash.o(i.FLASH_GetBank1Status), (52 bytes).
    Removing stm32f10x_flash.o(i.FLASH_GetFlagStatus), (48 bytes).
    Removing stm32f10x_flash.o(i.FLASH_GetPrefetchBufferStatus), (24 bytes).
    Removing stm32f10x_flash.o(i.FLASH_GetReadOutProtectionStatus), (24 bytes).
    Removing stm32f10x_flash.o(i.FLASH_GetStatus), (52 bytes).
    Removing stm32f10x_flash.o(i.FLASH_GetUserOptionByte), (12 bytes).
    Removing stm32f10x_flash.o(i.FLASH_GetWriteProtectionOptionByte), (12 bytes).
    Removing stm32f10x_flash.o(i.FLASH_HalfCycleAccessCmd), (28 bytes).
    Removing stm32f10x_flash.o(i.FLASH_ITConfig), (32 bytes).
    Removing stm32f10x_flash.o(i.FLASH_Lock), (20 bytes).
    Removing stm32f10x_flash.o(i.FLASH_LockBank1), (20 bytes).
    Removing stm32f10x_flash.o(i.FLASH_PrefetchBufferCmd), (28 bytes).
    Removing stm32f10x_flash.o(i.FLASH_ProgramHalfWord), (64 bytes).
    Removing stm32f10x_flash.o(i.FLASH_ProgramOptionByteData), (84 bytes).
    Removing stm32f10x_flash.o(i.FLASH_ProgramWord), (108 bytes).
    Removing stm32f10x_flash.o(i.FLASH_ReadOutProtection), (172 bytes).
    Removing stm32f10x_flash.o(i.FLASH_SetLatency), (24 bytes).
    Removing stm32f10x_flash.o(i.FLASH_Unlock), (24 bytes).
    Removing stm32f10x_flash.o(i.FLASH_UnlockBank1), (24 bytes).
    Removing stm32f10x_flash.o(i.FLASH_UserOptionByteConfig), (104 bytes).
    Removing stm32f10x_flash.o(i.FLASH_WaitForLastBank1Operation), (38 bytes).
    Removing stm32f10x_flash.o(i.FLASH_WaitForLastOperation), (38 bytes).
    Removing stm32f10x_fsmc.o(i.FSMC_ClearFlag), (64 bytes).
    Removing stm32f10x_fsmc.o(i.FSMC_ClearITPendingBit), (72 bytes).
    Removing stm32f10x_fsmc.o(i.FSMC_GetECC), (28 bytes).
    Removing stm32f10x_fsmc.o(i.FSMC_GetFlagStatus), (56 bytes).
    Removing stm32f10x_fsmc.o(i.FSMC_GetITStatus), (68 bytes).
    Removing stm32f10x_fsmc.o(i.FSMC_ITConfig), (128 bytes).
    Removing stm32f10x_fsmc.o(i.FSMC_NANDCmd), (92 bytes).
    Removing stm32f10x_fsmc.o(i.FSMC_NANDDeInit), (68 bytes).
    Removing stm32f10x_fsmc.o(i.FSMC_NANDECCCmd), (92 bytes).
    Removing stm32f10x_fsmc.o(i.FSMC_NANDInit), (136 bytes).
    Removing stm32f10x_fsmc.o(i.FSMC_NANDStructInit), (54 bytes).
    Removing stm32f10x_fsmc.o(i.FSMC_NORSRAMCmd), (52 bytes).
    Removing stm32f10x_fsmc.o(i.FSMC_NORSRAMDeInit), (54 bytes).
    Removing stm32f10x_fsmc.o(i.FSMC_NORSRAMInit), (230 bytes).
    Removing stm32f10x_fsmc.o(i.FSMC_NORSRAMStructInit), (114 bytes).
    Removing stm32f10x_fsmc.o(i.FSMC_PCCARDCmd), (48 bytes).
    Removing stm32f10x_fsmc.o(i.FSMC_PCCARDDeInit), (40 bytes).
    Removing stm32f10x_fsmc.o(i.FSMC_PCCARDInit), (132 bytes).
    Removing stm32f10x_fsmc.o(i.FSMC_PCCARDStructInit), (60 bytes).
    Removing stm32f10x_gpio.o(i.GPIO_AFIODeInit), (20 bytes).
    Removing stm32f10x_gpio.o(i.GPIO_DeInit), (200 bytes).
    Removing stm32f10x_gpio.o(i.GPIO_ETH_MediaInterfaceConfig), (12 bytes).
    Removing stm32f10x_gpio.o(i.GPIO_EventOutputCmd), (12 bytes).
    Removing stm32f10x_gpio.o(i.GPIO_EventOutputConfig), (32 bytes).
    Removing stm32f10x_gpio.o(i.GPIO_PinLockConfig), (18 bytes).
    Removing stm32f10x_gpio.o(i.GPIO_PinRemapConfig), (144 bytes).
    Removing stm32f10x_gpio.o(i.GPIO_ReadInputData), (8 bytes).
    Removing stm32f10x_gpio.o(i.GPIO_ReadOutputData), (8 bytes).
    Removing stm32f10x_gpio.o(i.GPIO_ReadOutputDataBit), (18 bytes).
    Removing stm32f10x_gpio.o(i.GPIO_ResetBits), (4 bytes).
    Removing stm32f10x_gpio.o(i.GPIO_SetBits), (4 bytes).
    Removing stm32f10x_gpio.o(i.GPIO_StructInit), (16 bytes).
    Removing stm32f10x_gpio.o(i.GPIO_Write), (4 bytes).
    Removing stm32f10x_i2c.o(i.I2C_ARPCmd), (24 bytes).
    Removing stm32f10x_i2c.o(i.I2C_AcknowledgeConfig), (24 bytes).
    Removing stm32f10x_i2c.o(i.I2C_CalculatePEC), (24 bytes).
    Removing stm32f10x_i2c.o(i.I2C_CheckEvent), (42 bytes).
    Removing stm32f10x_i2c.o(i.I2C_ClearFlag), (12 bytes).
    Removing stm32f10x_i2c.o(i.I2C_ClearITPendingBit), (12 bytes).
    Removing stm32f10x_i2c.o(i.I2C_Cmd), (24 bytes).
    Removing stm32f10x_i2c.o(i.I2C_DMACmd), (24 bytes).
    Removing stm32f10x_i2c.o(i.I2C_DMALastTransferCmd), (24 bytes).
    Removing stm32f10x_i2c.o(i.I2C_DeInit), (56 bytes).
    Removing stm32f10x_i2c.o(i.I2C_DualAddressCmd), (24 bytes).
    Removing stm32f10x_i2c.o(i.I2C_FastModeDutyCycleConfig), (28 bytes).
    Removing stm32f10x_i2c.o(i.I2C_GeneralCallCmd), (24 bytes).
    Removing stm32f10x_i2c.o(i.I2C_GenerateSTART), (24 bytes).
    Removing stm32f10x_i2c.o(i.I2C_GenerateSTOP), (24 bytes).
    Removing stm32f10x_i2c.o(i.I2C_GetFlagStatus), (58 bytes).
    Removing stm32f10x_i2c.o(i.I2C_GetITStatus), (38 bytes).
    Removing stm32f10x_i2c.o(i.I2C_GetLastEvent), (26 bytes).
    Removing stm32f10x_i2c.o(i.I2C_GetPEC), (8 bytes).
    Removing stm32f10x_i2c.o(i.I2C_ITConfig), (18 bytes).
    Removing stm32f10x_i2c.o(i.I2C_Init), (236 bytes).
    Removing stm32f10x_i2c.o(i.I2C_NACKPositionConfig), (28 bytes).
    Removing stm32f10x_i2c.o(i.I2C_OwnAddress2Config), (22 bytes).
    Removing stm32f10x_i2c.o(i.I2C_PECPositionConfig), (28 bytes).
    Removing stm32f10x_i2c.o(i.I2C_ReadRegister), (22 bytes).
    Removing stm32f10x_i2c.o(i.I2C_ReceiveData), (8 bytes).
    Removing stm32f10x_i2c.o(i.I2C_SMBusAlertConfig), (28 bytes).
    Removing stm32f10x_i2c.o(i.I2C_Send7bitAddress), (18 bytes).
    Removing stm32f10x_i2c.o(i.I2C_SendData), (4 bytes).
    Removing stm32f10x_i2c.o(i.I2C_SoftwareResetCmd), (22 bytes).
    Removing stm32f10x_i2c.o(i.I2C_StretchClockCmd), (24 bytes).
    Removing stm32f10x_i2c.o(i.I2C_StructInit), (30 bytes).
    Removing stm32f10x_i2c.o(i.I2C_TransmitPEC), (24 bytes).
    Removing stm32f10x_iwdg.o(i.IWDG_Enable), (16 bytes).
    Removing stm32f10x_iwdg.o(i.IWDG_GetFlagStatus), (24 bytes).
    Removing stm32f10x_iwdg.o(i.IWDG_ReloadCounter), (16 bytes).
    Removing stm32f10x_iwdg.o(i.IWDG_SetPrescaler), (12 bytes).
    Removing stm32f10x_iwdg.o(i.IWDG_SetReload), (12 bytes).
    Removing stm32f10x_iwdg.o(i.IWDG_WriteAccessCmd), (12 bytes).
    Removing stm32f10x_pwr.o(i.PWR_ClearFlag), (20 bytes).
    Removing stm32f10x_pwr.o(i.PWR_DeInit), (22 bytes).
    Removing stm32f10x_pwr.o(i.PWR_EnterSTANDBYMode), (52 bytes).
    Removing stm32f10x_pwr.o(i.PWR_EnterSTOPMode), (64 bytes).
    Removing stm32f10x_pwr.o(i.PWR_GetFlagStatus), (24 bytes).
    Removing stm32f10x_pwr.o(i.PWR_PVDCmd), (12 bytes).
    Removing stm32f10x_pwr.o(i.PWR_PVDLevelConfig), (24 bytes).
    Removing stm32f10x_rcc.o(i.RCC_ADCCLKConfig), (24 bytes).
    Removing stm32f10x_rcc.o(i.RCC_AdjustHSICalibrationValue), (24 bytes).
    Removing stm32f10x_rcc.o(i.RCC_BackupResetCmd), (12 bytes).
    Removing stm32f10x_rcc.o(i.RCC_ClearFlag), (20 bytes).
    Removing stm32f10x_rcc.o(i.RCC_ClearITPendingBit), (12 bytes).
    Removing stm32f10x_rcc.o(i.RCC_ClockSecuritySystemCmd), (12 bytes).
    Removing stm32f10x_rcc.o(i.RCC_GetClocksFreq), (212 bytes).
    Removing stm32f10x_rcc.o(i.RCC_GetITStatus), (24 bytes).
    Removing stm32f10x_rcc.o(i.RCC_HSICmd), (12 bytes).
    Removing stm32f10x_rcc.o(i.RCC_ITConfig), (32 bytes).
    Removing stm32f10x_rcc.o(i.RCC_LSICmd), (12 bytes).
    Removing stm32f10x_rcc.o(i.RCC_MCOConfig), (12 bytes).
    Removing stm32f10x_rcc.o(i.RCC_USBCLKConfig), (12 bytes).
    Removing stm32f10x_rcc.o(.data), (20 bytes).
    Removing stm32f10x_rtc.o(i.RTC_ClearFlag), (16 bytes).
    Removing stm32f10x_rtc.o(i.RTC_ClearITPendingBit), (16 bytes).
    Removing stm32f10x_rtc.o(i.RTC_GetDivider), (24 bytes).
    Removing stm32f10x_rtc.o(i.RTC_GetFlagStatus), (24 bytes).
    Removing stm32f10x_rtc.o(i.RTC_GetITStatus), (36 bytes).
    Removing stm32f10x_rtc.o(i.RTC_ITConfig), (32 bytes).
    Removing stm32f10x_rtc.o(i.RTC_SetAlarm), (28 bytes).
    Removing stm32f10x_sdio.o(i.SDIO_CEATAITCmd), (16 bytes).
    Removing stm32f10x_sdio.o(i.SDIO_ClearFlag), (12 bytes).
    Removing stm32f10x_sdio.o(i.SDIO_ClearITPendingBit), (12 bytes).
    Removing stm32f10x_sdio.o(i.SDIO_ClockCmd), (12 bytes).
    Removing stm32f10x_sdio.o(i.SDIO_CmdStructInit), (14 bytes).
    Removing stm32f10x_sdio.o(i.SDIO_CommandCompletionCmd), (12 bytes).
    Removing stm32f10x_sdio.o(i.SDIO_DMACmd), (12 bytes).
    Removing stm32f10x_sdio.o(i.SDIO_DataConfig), (48 bytes).
    Removing stm32f10x_sdio.o(i.SDIO_DataStructInit), (20 bytes).
    Removing stm32f10x_sdio.o(i.SDIO_DeInit), (36 bytes).
    Removing stm32f10x_sdio.o(i.SDIO_GetCommandResponse), (12 bytes).
    Removing stm32f10x_sdio.o(i.SDIO_GetDataCounter), (12 bytes).
    Removing stm32f10x_sdio.o(i.SDIO_GetFIFOCount), (12 bytes).
    Removing stm32f10x_sdio.o(i.SDIO_GetFlagStatus), (24 bytes).
    Removing stm32f10x_sdio.o(i.SDIO_GetITStatus), (24 bytes).
    Removing stm32f10x_sdio.o(i.SDIO_GetPowerState), (16 bytes).
    Removing stm32f10x_sdio.o(i.SDIO_GetResponse), (24 bytes).
    Removing stm32f10x_sdio.o(i.SDIO_ITConfig), (32 bytes).
    Removing stm32f10x_sdio.o(i.SDIO_Init), (48 bytes).
    Removing stm32f10x_sdio.o(i.SDIO_ReadData), (12 bytes).
    Removing stm32f10x_sdio.o(i.SDIO_SendCEATACmd), (12 bytes).
    Removing stm32f10x_sdio.o(i.SDIO_SendCommand), (44 bytes).
    Removing stm32f10x_sdio.o(i.SDIO_SendSDIOSuspendCmd), (12 bytes).
    Removing stm32f10x_sdio.o(i.SDIO_SetPowerState), (28 bytes).
    Removing stm32f10x_sdio.o(i.SDIO_SetSDIOOperation), (12 bytes).
    Removing stm32f10x_sdio.o(i.SDIO_SetSDIOReadWaitMode), (12 bytes).
    Removing stm32f10x_sdio.o(i.SDIO_StartSDIOReadWait), (12 bytes).
    Removing stm32f10x_sdio.o(i.SDIO_StopSDIOReadWait), (12 bytes).
    Removing stm32f10x_sdio.o(i.SDIO_StructInit), (16 bytes).
    Removing stm32f10x_sdio.o(i.SDIO_WriteData), (12 bytes).
    Removing stm32f10x_spi.o(i.I2S_Cmd), (24 bytes).
    Removing stm32f10x_spi.o(i.I2S_Init), (232 bytes).
    Removing stm32f10x_spi.o(i.I2S_StructInit), (20 bytes).
    Removing stm32f10x_spi.o(i.SPI_BiDirectionalLineConfig), (28 bytes).
    Removing stm32f10x_spi.o(i.SPI_CalculateCRC), (24 bytes).
    Removing stm32f10x_spi.o(i.SPI_Cmd), (24 bytes).
    Removing stm32f10x_spi.o(i.SPI_DataSizeConfig), (18 bytes).
    Removing stm32f10x_spi.o(i.SPI_GetCRC), (16 bytes).
    Removing stm32f10x_spi.o(i.SPI_GetCRCPolynomial), (6 bytes).
    Removing stm32f10x_spi.o(i.SPI_I2S_ClearFlag), (6 bytes).
    Removing stm32f10x_spi.o(i.SPI_I2S_ClearITPendingBit), (20 bytes).
    Removing stm32f10x_spi.o(i.SPI_I2S_DMACmd), (18 bytes).
    Removing stm32f10x_spi.o(i.SPI_I2S_DeInit), (88 bytes).
    Removing stm32f10x_spi.o(i.SPI_I2S_GetFlagStatus), (18 bytes).
    Removing stm32f10x_spi.o(i.SPI_I2S_GetITStatus), (52 bytes).
    Removing stm32f10x_spi.o(i.SPI_I2S_ITConfig), (32 bytes).
    Removing stm32f10x_spi.o(i.SPI_I2S_ReceiveData), (6 bytes).
    Removing stm32f10x_spi.o(i.SPI_I2S_SendData), (4 bytes).
    Removing stm32f10x_spi.o(i.SPI_Init), (60 bytes).
    Removing stm32f10x_spi.o(i.SPI_NSSInternalSoftwareConfig), (30 bytes).
    Removing stm32f10x_spi.o(i.SPI_SSOutputCmd), (24 bytes).
    Removing stm32f10x_spi.o(i.SPI_StructInit), (24 bytes).
    Removing stm32f10x_spi.o(i.SPI_TransmitCRC), (10 bytes).
    Removing stm32f10x_tim.o(i.TI1_Config), (128 bytes).
    Removing stm32f10x_tim.o(i.TI2_Config), (152 bytes).
    Removing stm32f10x_tim.o(i.TI3_Config), (144 bytes).
    Removing stm32f10x_tim.o(i.TI4_Config), (152 bytes).
    Removing stm32f10x_tim.o(i.TIM_ARRPreloadConfig), (24 bytes).
    Removing stm32f10x_tim.o(i.TIM_BDTRConfig), (32 bytes).
    Removing stm32f10x_tim.o(i.TIM_BDTRStructInit), (18 bytes).
    Removing stm32f10x_tim.o(i.TIM_CCPreloadControl), (24 bytes).
    Removing stm32f10x_tim.o(i.TIM_CCxCmd), (30 bytes).
    Removing stm32f10x_tim.o(i.TIM_CCxNCmd), (30 bytes).
    Removing stm32f10x_tim.o(i.TIM_ClearOC1Ref), (18 bytes).
    Removing stm32f10x_tim.o(i.TIM_ClearOC2Ref), (24 bytes).
    Removing stm32f10x_tim.o(i.TIM_ClearOC3Ref), (18 bytes).
    Removing stm32f10x_tim.o(i.TIM_ClearOC4Ref), (24 bytes).
    Removing stm32f10x_tim.o(i.TIM_CounterModeConfig), (18 bytes).
    Removing stm32f10x_tim.o(i.TIM_ETRClockMode1Config), (54 bytes).
    Removing stm32f10x_tim.o(i.TIM_ETRClockMode2Config), (32 bytes).
    Removing stm32f10x_tim.o(i.TIM_ETRConfig), (28 bytes).
    Removing stm32f10x_tim.o(i.TIM_EncoderInterfaceConfig), (66 bytes).
    Removing stm32f10x_tim.o(i.TIM_ForcedOC1Config), (18 bytes).
    Removing stm32f10x_tim.o(i.TIM_ForcedOC2Config), (26 bytes).
    Removing stm32f10x_tim.o(i.TIM_ForcedOC3Config), (18 bytes).
    Removing stm32f10x_tim.o(i.TIM_ForcedOC4Config), (26 bytes).
    Removing stm32f10x_tim.o(i.TIM_GenerateEvent), (4 bytes).
    Removing stm32f10x_tim.o(i.TIM_GetCapture1), (6 bytes).
    Removing stm32f10x_tim.o(i.TIM_GetCapture2), (6 bytes).
    Removing stm32f10x_tim.o(i.TIM_GetCapture3), (6 bytes).
    Removing stm32f10x_tim.o(i.TIM_GetCapture4), (8 bytes).
    Removing stm32f10x_tim.o(i.TIM_GetCounter), (6 bytes).
    Removing stm32f10x_tim.o(i.TIM_GetPrescaler), (6 bytes).
    Removing stm32f10x_tim.o(i.TIM_ICInit), (172 bytes).
    Removing stm32f10x_tim.o(i.TIM_ICStructInit), (18 bytes).
    Removing stm32f10x_tim.o(i.TIM_ITRxExternalClockConfig), (24 bytes).
    Removing stm32f10x_tim.o(i.TIM_OC1FastConfig), (18 bytes).
    Removing stm32f10x_tim.o(i.TIM_OC1Init), (152 bytes).
    Removing stm32f10x_tim.o(i.TIM_OC1NPolarityConfig), (18 bytes).
    Removing stm32f10x_tim.o(i.TIM_OC1PolarityConfig), (18 bytes).
    Removing stm32f10x_tim.o(i.TIM_OC1PreloadConfig), (18 bytes).
    Removing stm32f10x_tim.o(i.TIM_OC2FastConfig), (26 bytes).
    Removing stm32f10x_tim.o(i.TIM_OC2NPolarityConfig), (26 bytes).
    Removing stm32f10x_tim.o(i.TIM_OC2PolarityConfig), (26 bytes).
    Removing stm32f10x_tim.o(i.TIM_OC2PreloadConfig), (26 bytes).
    Removing stm32f10x_tim.o(i.TIM_OC3FastConfig), (18 bytes).
    Removing stm32f10x_tim.o(i.TIM_OC3Init), (160 bytes).
    Removing stm32f10x_tim.o(i.TIM_OC3NPolarityConfig), (26 bytes).
    Removing stm32f10x_tim.o(i.TIM_OC3PolarityConfig), (26 bytes).
    Removing stm32f10x_tim.o(i.TIM_OC3PreloadConfig), (18 bytes).
    Removing stm32f10x_tim.o(i.TIM_OC4FastConfig), (26 bytes).
    Removing stm32f10x_tim.o(i.TIM_OC4Init), (124 bytes).
    Removing stm32f10x_tim.o(i.TIM_OC4PolarityConfig), (26 bytes).
    Removing stm32f10x_tim.o(i.TIM_OC4PreloadConfig), (26 bytes).
    Removing stm32f10x_tim.o(i.TIM_OCStructInit), (20 bytes).
    Removing stm32f10x_tim.o(i.TIM_PWMIConfig), (124 bytes).
    Removing stm32f10x_tim.o(i.TIM_PrescalerConfig), (6 bytes).
    Removing stm32f10x_tim.o(i.TIM_SelectCCDMA), (24 bytes).
    Removing stm32f10x_tim.o(i.TIM_SelectCOM), (24 bytes).
    Removing stm32f10x_tim.o(i.TIM_SelectHallSensor), (24 bytes).
    Removing stm32f10x_tim.o(i.TIM_SelectInputTrigger), (18 bytes).
    Removing stm32f10x_tim.o(i.TIM_SelectMasterSlaveMode), (18 bytes).
    Removing stm32f10x_tim.o(i.TIM_SelectOCxM), (82 bytes).
    Removing stm32f10x_tim.o(i.TIM_SelectOnePulseMode), (18 bytes).
    Removing stm32f10x_tim.o(i.TIM_SelectOutputTrigger), (18 bytes).
    Removing stm32f10x_tim.o(i.TIM_SelectSlaveMode), (18 bytes).
    Removing stm32f10x_tim.o(i.TIM_SetAutoreload), (4 bytes).
    Removing stm32f10x_tim.o(i.TIM_SetClockDivision), (18 bytes).
    Removing stm32f10x_tim.o(i.TIM_SetCompare1), (4 bytes).
    Removing stm32f10x_tim.o(i.TIM_SetCompare3), (4 bytes).
    Removing stm32f10x_tim.o(i.TIM_SetCompare4), (6 bytes).
    Removing stm32f10x_tim.o(i.TIM_SetCounter), (4 bytes).
    Removing stm32f10x_tim.o(i.TIM_SetIC1Prescaler), (18 bytes).
    Removing stm32f10x_tim.o(i.TIM_SetIC2Prescaler), (26 bytes).
    Removing stm32f10x_tim.o(i.TIM_SetIC3Prescaler), (18 bytes).
    Removing stm32f10x_tim.o(i.TIM_SetIC4Prescaler), (26 bytes).
    Removing stm32f10x_tim.o(i.TIM_TIxExternalClockConfig), (62 bytes).
    Removing stm32f10x_tim.o(i.TIM_TimeBaseStructInit), (18 bytes).
    Removing stm32f10x_tim.o(i.TIM_UpdateDisableConfig), (24 bytes).
    Removing stm32f10x_tim.o(i.TIM_UpdateRequestConfig), (24 bytes).
    Removing stm32f10x_usart.o(i.USART_ClearFlag), (18 bytes).
    Removing stm32f10x_usart.o(i.USART_ClearITPendingBit), (30 bytes).
    Removing stm32f10x_usart.o(i.USART_ClockInit), (34 bytes).
    Removing stm32f10x_usart.o(i.USART_ClockStructInit), (12 bytes).
    Removing stm32f10x_usart.o(i.USART_Cmd), (24 bytes).
    Removing stm32f10x_usart.o(i.USART_DMACmd), (18 bytes).
    Removing stm32f10x_usart.o(i.USART_DeInit), (156 bytes).
    Removing stm32f10x_usart.o(i.USART_GetFlagStatus), (26 bytes).
    Removing stm32f10x_usart.o(i.USART_GetITStatus), (84 bytes).
    Removing stm32f10x_usart.o(i.USART_HalfDuplexCmd), (24 bytes).
    Removing stm32f10x_usart.o(i.USART_ITConfig), (74 bytes).
    Removing stm32f10x_usart.o(i.USART_Init), (216 bytes).
    Removing stm32f10x_usart.o(i.USART_IrDACmd), (24 bytes).
    Removing stm32f10x_usart.o(i.USART_IrDAConfig), (18 bytes).
    Removing stm32f10x_usart.o(i.USART_LINBreakDetectLengthConfig), (18 bytes).
    Removing stm32f10x_usart.o(i.USART_LINCmd), (24 bytes).
    Removing stm32f10x_usart.o(i.USART_OneBitMethodCmd), (24 bytes).
    Removing stm32f10x_usart.o(i.USART_OverSampling8Cmd), (22 bytes).
    Removing stm32f10x_usart.o(i.USART_ReceiveData), (10 bytes).
    Removing stm32f10x_usart.o(i.USART_ReceiverWakeUpCmd), (24 bytes).
    Removing stm32f10x_usart.o(i.USART_SendBreak), (10 bytes).
    Removing stm32f10x_usart.o(i.USART_SendData), (8 bytes).
    Removing stm32f10x_usart.o(i.USART_SetAddress), (18 bytes).
    Removing stm32f10x_usart.o(i.USART_SetGuardTime), (16 bytes).
    Removing stm32f10x_usart.o(i.USART_SetPrescaler), (16 bytes).
    Removing stm32f10x_usart.o(i.USART_SmartCardCmd), (24 bytes).
    Removing stm32f10x_usart.o(i.USART_SmartCardNACKCmd), (24 bytes).
    Removing stm32f10x_usart.o(i.USART_StructInit), (24 bytes).
    Removing stm32f10x_usart.o(i.USART_WakeUpConfig), (18 bytes).
    Removing stm32f10x_wwdg.o(i.WWDG_ClearFlag), (12 bytes).
    Removing stm32f10x_wwdg.o(i.WWDG_DeInit), (22 bytes).
    Removing stm32f10x_wwdg.o(i.WWDG_Enable), (16 bytes).
    Removing stm32f10x_wwdg.o(i.WWDG_EnableIT), (12 bytes).
    Removing stm32f10x_wwdg.o(i.WWDG_GetFlagStatus), (12 bytes).
    Removing stm32f10x_wwdg.o(i.WWDG_SetCounter), (16 bytes).
    Removing stm32f10x_wwdg.o(i.WWDG_SetPrescaler), (24 bytes).
    Removing stm32f10x_wwdg.o(i.WWDG_SetWindowValue), (40 bytes).
    Removing io.o(i.IO_OutInit), (32 bytes).
    Removing io.o(i.IO_OutPut), (30 bytes).
    Removing io.o(i.IO_OutTurn), (36 bytes).
    Removing tim3.o(i.TIM3_Cmd), (20 bytes).
    Removing delay.o(i.Delay_s), (24 bytes).
    Removing rtc.o(i.RTC_NVIC_Config), (32 bytes).
    Removing ws2812b.o(i.WS2812B_ClearBuf), (28 bytes).
    Removing oled.o(i.OLED_ShowBinNum), (62 bytes).
    Removing oled.o(i.OLED_ShowHexNum), (84 bytes).
    Removing oled.o(i.OLED_ShowSignedNum), (102 bytes).

427 unused section(s) (total 17250 bytes) removed from the image.

==============================================================================

Image Symbol Table

    Local Symbols

    Symbol Name                              Value     Ov Type        Size  Object(Section)

    ../clib/microlib/init/entry.s            0x00000000   Number         0  entry11a.o ABSOLUTE
    ../clib/microlib/init/entry.s            0x00000000   Number         0  entry9b.o ABSOLUTE
    ../clib/microlib/init/entry.s            0x00000000   Number         0  entry9a.o ABSOLUTE
    ../clib/microlib/init/entry.s            0x00000000   Number         0  entry8b.o ABSOLUTE
    ../clib/microlib/init/entry.s            0x00000000   Number         0  entry8a.o ABSOLUTE
    ../clib/microlib/init/entry.s            0x00000000   Number         0  entry5.o ABSOLUTE
    ../clib/microlib/init/entry.s            0x00000000   Number         0  entry2.o ABSOLUTE
    ../clib/microlib/init/entry.s            0x00000000   Number         0  entry10a.o ABSOLUTE
    ../clib/microlib/init/entry.s            0x00000000   Number         0  entry7b.o ABSOLUTE
    ../clib/microlib/init/entry.s            0x00000000   Number         0  entry11b.o ABSOLUTE
    ../clib/microlib/init/entry.s            0x00000000   Number         0  entry7a.o ABSOLUTE
    ../clib/microlib/init/entry.s            0x00000000   Number         0  entry10b.o ABSOLUTE
    ../clib/microlib/init/entry.s            0x00000000   Number         0  entry.o ABSOLUTE
    ../clib/microlib/stdlib/rand.c           0x00000000   Number         0  rand.o ABSOLUTE
    ../clib/microlib/string/memcpy.c         0x00000000   Number         0  memcpya.o ABSOLUTE
    ../clib/microlib/string/memcpy.c         0x00000000   Number         0  memcpyb.o ABSOLUTE
    ../clib/microlib/time/localtime.c        0x00000000   Number         0  localtime_w.o ABSOLUTE
    ../clib/microlib/time/localtime.c        0x00000000   Number         0  localtime_i.o ABSOLUTE
    ../clib/microlib/time/localtime.c        0x00000000   Number         0  localtime.o ABSOLUTE
    ../clib/microlib/time/mktime.c           0x00000000   Number         0  mktime.o ABSOLUTE
    Core\\core_cm3.c                         0x00000000   Number         0  core_cm3.o ABSOLUTE
    Core\core_cm3.c                          0x00000000   Number         0  core_cm3.o ABSOLUTE
    Core\startup_stm32f10x_md.s              0x00000000   Number         0  startup_stm32f10x_md.o ABSOLUTE
    Core\system_stm32f10x.c                  0x00000000   Number         0  system_stm32f10x.o ABSOLUTE
    Hardware\Key.c                           0x00000000   Number         0  key.o ABSOLUTE
    Hardware\OLED.c                          0x00000000   Number         0  oled.o ABSOLUTE
    Hardware\WS2812B.c                       0x00000000   Number         0  ws2812b.o ABSOLUTE
    Library\src\misc.c                       0x00000000   Number         0  misc.o ABSOLUTE
    Library\src\stm32f10x_adc.c              0x00000000   Number         0  stm32f10x_adc.o ABSOLUTE
    Library\src\stm32f10x_bkp.c              0x00000000   Number         0  stm32f10x_bkp.o ABSOLUTE
    Library\src\stm32f10x_can.c              0x00000000   Number         0  stm32f10x_can.o ABSOLUTE
    Library\src\stm32f10x_cec.c              0x00000000   Number         0  stm32f10x_cec.o ABSOLUTE
    Library\src\stm32f10x_crc.c              0x00000000   Number         0  stm32f10x_crc.o ABSOLUTE
    Library\src\stm32f10x_dac.c              0x00000000   Number         0  stm32f10x_dac.o ABSOLUTE
    Library\src\stm32f10x_dbgmcu.c           0x00000000   Number         0  stm32f10x_dbgmcu.o ABSOLUTE
    Library\src\stm32f10x_dma.c              0x00000000   Number         0  stm32f10x_dma.o ABSOLUTE
    Library\src\stm32f10x_exti.c             0x00000000   Number         0  stm32f10x_exti.o ABSOLUTE
    Library\src\stm32f10x_flash.c            0x00000000   Number         0  stm32f10x_flash.o ABSOLUTE
    Library\src\stm32f10x_fsmc.c             0x00000000   Number         0  stm32f10x_fsmc.o ABSOLUTE
    Library\src\stm32f10x_gpio.c             0x00000000   Number         0  stm32f10x_gpio.o ABSOLUTE
    Library\src\stm32f10x_i2c.c              0x00000000   Number         0  stm32f10x_i2c.o ABSOLUTE
    Library\src\stm32f10x_iwdg.c             0x00000000   Number         0  stm32f10x_iwdg.o ABSOLUTE
    Library\src\stm32f10x_pwr.c              0x00000000   Number         0  stm32f10x_pwr.o ABSOLUTE
    Library\src\stm32f10x_rcc.c              0x00000000   Number         0  stm32f10x_rcc.o ABSOLUTE
    Library\src\stm32f10x_rtc.c              0x00000000   Number         0  stm32f10x_rtc.o ABSOLUTE
    Library\src\stm32f10x_sdio.c             0x00000000   Number         0  stm32f10x_sdio.o ABSOLUTE
    Library\src\stm32f10x_spi.c              0x00000000   Number         0  stm32f10x_spi.o ABSOLUTE
    Library\src\stm32f10x_tim.c              0x00000000   Number         0  stm32f10x_tim.o ABSOLUTE
    Library\src\stm32f10x_usart.c            0x00000000   Number         0  stm32f10x_usart.o ABSOLUTE
    Library\src\stm32f10x_wwdg.c             0x00000000   Number         0  stm32f10x_wwdg.o ABSOLUTE
    System\DMA1.c                            0x00000000   Number         0  dma1.o ABSOLUTE
    System\Delay.c                           0x00000000   Number         0  delay.o ABSOLUTE
    System\EXTI.c                            0x00000000   Number         0  exti.o ABSOLUTE
    System\IO.c                              0x00000000   Number         0  io.o ABSOLUTE
    System\NVIC.c                            0x00000000   Number         0  nvic.o ABSOLUTE
    System\RCC.c                             0x00000000   Number         0  rcc.o ABSOLUTE
    System\RTC.c                             0x00000000   Number         0  rtc.o ABSOLUTE
    System\TIM2.c                            0x00000000   Number         0  tim2.o ABSOLUTE
    System\TIM3.c                            0x00000000   Number         0  tim3.o ABSOLUTE
    System\TIM4.c                            0x00000000   Number         0  tim4.o ABSOLUTE
    User\main.c                              0x00000000   Number         0  main.o ABSOLUTE
    dc.s                                     0x00000000   Number         0  dc.o ABSOLUTE
    handlers.s                               0x00000000   Number         0  handlers.o ABSOLUTE
    init.s                                   0x00000000   Number         0  init.o ABSOLUTE
    RESET                                    0x08000000   Section      236  startup_stm32f10x_md.o(RESET)
    .ARM.Collect$$$$00000000                 0x080000ec   Section        0  entry.o(.ARM.Collect$$$$00000000)
    .ARM.Collect$$$$00000001                 0x080000ec   Section        4  entry2.o(.ARM.Collect$$$$00000001)
    .ARM.Collect$$$$00000004                 0x080000f0   Section        4  entry5.o(.ARM.Collect$$$$00000004)
    .ARM.Collect$$$$00000008                 0x080000f4   Section        0  entry7b.o(.ARM.Collect$$$$00000008)
    .ARM.Collect$$$$0000000A                 0x080000f4   Section        0  entry8b.o(.ARM.Collect$$$$0000000A)
    .ARM.Collect$$$$0000000B                 0x080000f4   Section        8  entry9a.o(.ARM.Collect$$$$0000000B)
    .ARM.Collect$$$$0000000D                 0x080000fc   Section        0  entry10a.o(.ARM.Collect$$$$0000000D)
    .ARM.Collect$$$$0000000F                 0x080000fc   Section        0  entry11a.o(.ARM.Collect$$$$0000000F)
    .ARM.Collect$$$$00002712                 0x080000fc   Section        4  entry2.o(.ARM.Collect$$$$00002712)
    __lit__00000000                          0x080000fc   Data           4  entry2.o(.ARM.Collect$$$$00002712)
    .text                                    0x08000100   Section       36  startup_stm32f10x_md.o(.text)
    .text                                    0x08000124   Section        0  rand.o(.text)
    .text                                    0x08000148   Section        0  mktime.o(.text)
    .text                                    0x080001f0   Section        0  memcpya.o(.text)
    .text                                    0x08000214   Section        0  localtime_w.o(.text)
    .text                                    0x08000220   Section        0  localtime_i.o(.text)
    .text                                    0x080002ac   Section       36  init.o(.text)
    i.BKP_ReadBackupRegister                 0x080002d0   Section        0  stm32f10x_bkp.o(i.BKP_ReadBackupRegister)
    i.BKP_WriteBackupRegister                0x080002ec   Section        0  stm32f10x_bkp.o(i.BKP_WriteBackupRegister)
    i.Close                                  0x08000308   Section        0  main.o(i.Close)
    i.ColorLight                             0x08000328   Section        0  main.o(i.ColorLight)
    i.ColorLight_Mode0                       0x08000398   Section        0  main.o(i.ColorLight_Mode0)
    i.ColorLight_Mode1                       0x08000520   Section        0  main.o(i.ColorLight_Mode1)
    i.ColorLight_Mode2                       0x08000628   Section        0  main.o(i.ColorLight_Mode2)
    i.ColorLight_Mode3                       0x08000698   Section        0  main.o(i.ColorLight_Mode3)
    i.DMA1_Channel2_IRQHandler               0x080006d0   Section        0  dma1.o(i.DMA1_Channel2_IRQHandler)
    i.DMA1_Init                              0x080006ec   Section        0  dma1.o(i.DMA1_Init)
    i.DMA1_SetIRQHandler                     0x0800076c   Section        0  dma1.o(i.DMA1_SetIRQHandler)
    i.DMA1_Start                             0x08000778   Section        0  dma1.o(i.DMA1_Start)
    i.DMA_ClearFlag                          0x0800079c   Section        0  stm32f10x_dma.o(i.DMA_ClearFlag)
    i.DMA_Cmd                                0x080007b8   Section        0  stm32f10x_dma.o(i.DMA_Cmd)
    i.DMA_DeInit                             0x080007d0   Section        0  stm32f10x_dma.o(i.DMA_DeInit)
    i.DMA_GetFlagStatus                      0x0800091c   Section        0  stm32f10x_dma.o(i.DMA_GetFlagStatus)
    i.DMA_ITConfig                           0x08000948   Section        0  stm32f10x_dma.o(i.DMA_ITConfig)
    i.DMA_Init                               0x0800095a   Section        0  stm32f10x_dma.o(i.DMA_Init)
    i.DMA_SetCurrDataCounter                 0x08000996   Section        0  stm32f10x_dma.o(i.DMA_SetCurrDataCounter)
    i.Delay_ms                               0x0800099a   Section        0  delay.o(i.Delay_ms)
    i.Delay_us                               0x080009b2   Section        0  delay.o(i.Delay_us)
    i.EXTI0_IRQHandler                       0x080009e0   Section        0  key.o(i.EXTI0_IRQHandler)
    i.EXTI15_10_IRQHandler                   0x08000aa0   Section        0  key.o(i.EXTI15_10_IRQHandler)
    i.EXTI3_IRQHandler                       0x08000b28   Section        0  key.o(i.EXTI3_IRQHandler)
    i.EXTI9_5_IRQHandler                     0x08000b74   Section        0  key.o(i.EXTI9_5_IRQHandler)
    i.EXTI_ClearITPendingBit                 0x08000bfc   Section        0  stm32f10x_exti.o(i.EXTI_ClearITPendingBit)
    i.EXTI_GetITStatus                       0x08000c08   Section        0  stm32f10x_exti.o(i.EXTI_GetITStatus)
    i.EXTI_Init                              0x08000c30   Section        0  stm32f10x_exti.o(i.EXTI_Init)
    i.EXTI_Key_Init                          0x08000cc4   Section        0  exti.o(i.EXTI_Key_Init)
    i.GPIO_EXTILineConfig                    0x08000ce4   Section        0  stm32f10x_gpio.o(i.GPIO_EXTILineConfig)
    i.GPIO_Init                              0x08000d24   Section        0  stm32f10x_gpio.o(i.GPIO_Init)
    i.GPIO_ReadInputDataBit                  0x08000e3a   Section        0  stm32f10x_gpio.o(i.GPIO_ReadInputDataBit)
    i.GPIO_WriteBit                          0x08000e4c   Section        0  stm32f10x_gpio.o(i.GPIO_WriteBit)
    i.IO_InGet                               0x08000e56   Section        0  io.o(i.IO_InGet)
    i.IO_InInit                              0x08000e66   Section        0  io.o(i.IO_InInit)
    i.Init                                   0x08000e88   Section        0  main.o(i.Init)
    i.Key_GetMode                            0x08000ec0   Section        0  key.o(i.Key_GetMode)
    i.Key_Init                               0x08000ecc   Section        0  key.o(i.Key_Init)
    i.Key_Loop                               0x08000ff0   Section        0  key.o(i.Key_Loop)
    i.Key_ResetMode                          0x08001060   Section        0  key.o(i.Key_ResetMode)
    i.MainLoop                               0x0800106c   Section        0  main.o(i.MainLoop)
    i.NVIC_Init                              0x080010b8   Section        0  misc.o(i.NVIC_Init)
    i.NVIC_PriorityGroupConfig               0x08001128   Section        0  misc.o(i.NVIC_PriorityGroupConfig)
    i.NVIC_Priority_Init                     0x0800113c   Section        0  nvic.o(i.NVIC_Priority_Init)
    i.OLED_Clear                             0x08001148   Section        0  oled.o(i.OLED_Clear)
    i.OLED_I2C_Init                          0x08001174   Section        0  oled.o(i.OLED_I2C_Init)
    i.OLED_I2C_SendByte                      0x080011c4   Section        0  oled.o(i.OLED_I2C_SendByte)
    i.OLED_I2C_Start                         0x08001218   Section        0  oled.o(i.OLED_I2C_Start)
    i.OLED_I2C_Stop                          0x0800124c   Section        0  oled.o(i.OLED_I2C_Stop)
    i.OLED_Init                              0x08001274   Section        0  oled.o(i.OLED_Init)
    i.OLED_Pow                               0x08001322   Section        0  oled.o(i.OLED_Pow)
    i.OLED_SetCursor                         0x08001336   Section        0  oled.o(i.OLED_SetCursor)
    i.OLED_ShowChar                          0x08001358   Section        0  oled.o(i.OLED_ShowChar)
    i.OLED_ShowNum                           0x080013cc   Section        0  oled.o(i.OLED_ShowNum)
    i.OLED_ShowString                        0x08001410   Section        0  oled.o(i.OLED_ShowString)
    i.OLED_WriteCommand                      0x08001438   Section        0  oled.o(i.OLED_WriteCommand)
    i.OLED_WriteData                         0x08001458   Section        0  oled.o(i.OLED_WriteData)
    i.PWR_BackupAccessCmd                    0x08001478   Section        0  stm32f10x_pwr.o(i.PWR_BackupAccessCmd)
    i.PWR_WakeUpPinCmd                       0x08001484   Section        0  stm32f10x_pwr.o(i.PWR_WakeUpPinCmd)
    i.RCC_AHBPeriphClockCmd                  0x08001490   Section        0  stm32f10x_rcc.o(i.RCC_AHBPeriphClockCmd)
    i.RCC_APB1PeriphClockCmd                 0x080014b0   Section        0  stm32f10x_rcc.o(i.RCC_APB1PeriphClockCmd)
    i.RCC_APB1PeriphResetCmd                 0x080014d0   Section        0  stm32f10x_rcc.o(i.RCC_APB1PeriphResetCmd)
    i.RCC_APB2PeriphClockCmd                 0x080014f0   Section        0  stm32f10x_rcc.o(i.RCC_APB2PeriphClockCmd)
    i.RCC_APB2PeriphResetCmd                 0x08001510   Section        0  stm32f10x_rcc.o(i.RCC_APB2PeriphResetCmd)
    i.RCC_DeInit                             0x08001530   Section        0  stm32f10x_rcc.o(i.RCC_DeInit)
    i.RCC_GetFlagStatus                      0x0800157c   Section        0  stm32f10x_rcc.o(i.RCC_GetFlagStatus)
    i.RCC_GetSYSCLKSource                    0x080015b8   Section        0  stm32f10x_rcc.o(i.RCC_GetSYSCLKSource)
    i.RCC_HCLKConfig                         0x080015c8   Section        0  stm32f10x_rcc.o(i.RCC_HCLKConfig)
    i.RCC_HSEConfig                          0x080015e0   Section        0  stm32f10x_rcc.o(i.RCC_HSEConfig)
    i.RCC_Init                               0x0800162c   Section        0  rcc.o(i.RCC_Init)
    i.RCC_LSEConfig                          0x0800168c   Section        0  stm32f10x_rcc.o(i.RCC_LSEConfig)
    i.RCC_PCLK1Config                        0x080016c0   Section        0  stm32f10x_rcc.o(i.RCC_PCLK1Config)
    i.RCC_PCLK2Config                        0x080016d8   Section        0  stm32f10x_rcc.o(i.RCC_PCLK2Config)
    i.RCC_PLLCmd                             0x080016f0   Section        0  stm32f10x_rcc.o(i.RCC_PLLCmd)
    i.RCC_PLLConfig                          0x080016fc   Section        0  stm32f10x_rcc.o(i.RCC_PLLConfig)
    i.RCC_RTCCLKCmd                          0x08001718   Section        0  stm32f10x_rcc.o(i.RCC_RTCCLKCmd)
    i.RCC_RTCCLKConfig                       0x08001724   Section        0  stm32f10x_rcc.o(i.RCC_RTCCLKConfig)
    i.RCC_SYSCLKConfig                       0x08001734   Section        0  stm32f10x_rcc.o(i.RCC_SYSCLKConfig)
    i.RCC_WaitForHSEStartUp                  0x0800174c   Section        0  stm32f10x_rcc.o(i.RCC_WaitForHSEStartUp)
    i.RTC_EnterConfigMode                    0x08001784   Section        0  stm32f10x_rtc.o(i.RTC_EnterConfigMode)
    i.RTC_ExitConfigMode                     0x08001798   Section        0  stm32f10x_rtc.o(i.RTC_ExitConfigMode)
    i.RTC_GetCounter                         0x080017ac   Section        0  stm32f10x_rtc.o(i.RTC_GetCounter)
    i.RTC_Init                               0x080017c0   Section        0  rtc.o(i.RTC_Init)
    i.RTC_ReadTime                           0x08001840   Section        0  rtc.o(i.RTC_ReadTime)
    i.RTC_SetAlarmTime                       0x08001888   Section        0  rtc.o(i.RTC_SetAlarmTime)
    i.RTC_SetCounter                         0x080018c8   Section        0  stm32f10x_rtc.o(i.RTC_SetCounter)
    i.RTC_SetPrescaler                       0x080018e4   Section        0  stm32f10x_rtc.o(i.RTC_SetPrescaler)
    i.RTC_SetTime                            0x08001904   Section        0  rtc.o(i.RTC_SetTime)
    i.RTC_WaitForLastTask                    0x08001950   Section        0  stm32f10x_rtc.o(i.RTC_WaitForLastTask)
    i.RTC_WaitForSynchro                     0x08001964   Section        0  stm32f10x_rtc.o(i.RTC_WaitForSynchro)
    i.RTC_WriteInit                          0x08001988   Section        0  rtc.o(i.RTC_WriteInit)
    i.SetSysClock                            0x08001994   Section        0  system_stm32f10x.o(i.SetSysClock)
    SetSysClock                              0x08001995   Thumb Code     8  system_stm32f10x.o(i.SetSysClock)
    i.SetSysClockTo72                        0x0800199c   Section        0  system_stm32f10x.o(i.SetSysClockTo72)
    SetSysClockTo72                          0x0800199d   Thumb Code   214  system_stm32f10x.o(i.SetSysClockTo72)
    i.SystemInit                             0x08001a7c   Section        0  system_stm32f10x.o(i.SystemInit)
    i.TIM2_Cmd                               0x08001adc   Section        0  tim2.o(i.TIM2_Cmd)
    i.TIM2_Init                              0x08001aec   Section        0  tim2.o(i.TIM2_Init)
    i.TIM2_SetCompare2                       0x08001b90   Section        0  tim2.o(i.TIM2_SetCompare2)
    i.TIM3_IRQHandler                        0x08001ba0   Section        0  tim3.o(i.TIM3_IRQHandler)
    i.TIM3_Init                              0x08001bc4   Section        0  tim3.o(i.TIM3_Init)
    i.TIM3_SetIRQHandler                     0x08001c30   Section        0  tim3.o(i.TIM3_SetIRQHandler)
    i.TIM4_IRQHandler                        0x08001c3c   Section        0  tim4.o(i.TIM4_IRQHandler)
    i.TIM4_Init                              0x08001cf4   Section        0  tim4.o(i.TIM4_Init)
    i.TIM_ClearFlag                          0x08001d6c   Section        0  stm32f10x_tim.o(i.TIM_ClearFlag)
    i.TIM_ClearITPendingBit                  0x08001d72   Section        0  stm32f10x_tim.o(i.TIM_ClearITPendingBit)
    i.TIM_Cmd                                0x08001d78   Section        0  stm32f10x_tim.o(i.TIM_Cmd)
    i.TIM_CtrlPWMOutputs                     0x08001d90   Section        0  stm32f10x_tim.o(i.TIM_CtrlPWMOutputs)
    i.TIM_DMACmd                             0x08001dae   Section        0  stm32f10x_tim.o(i.TIM_DMACmd)
    i.TIM_DMAConfig                          0x08001dc0   Section        0  stm32f10x_tim.o(i.TIM_DMAConfig)
    i.TIM_DeInit                             0x08001dcc   Section        0  stm32f10x_tim.o(i.TIM_DeInit)
    i.TIM_GetFlagStatus                      0x08001fb4   Section        0  stm32f10x_tim.o(i.TIM_GetFlagStatus)
    i.TIM_GetITStatus                        0x08001fc6   Section        0  stm32f10x_tim.o(i.TIM_GetITStatus)
    i.TIM_ITConfig                           0x08001fe8   Section        0  stm32f10x_tim.o(i.TIM_ITConfig)
    i.TIM_InternalClockConfig                0x08001ffa   Section        0  stm32f10x_tim.o(i.TIM_InternalClockConfig)
    i.TIM_OC2Init                            0x08002008   Section        0  stm32f10x_tim.o(i.TIM_OC2Init)
    i.TIM_SetCompare2                        0x080020ac   Section        0  stm32f10x_tim.o(i.TIM_SetCompare2)
    i.TIM_TimeBaseInit                       0x080020b0   Section        0  stm32f10x_tim.o(i.TIM_TimeBaseInit)
    i.WS2812B_IRQHandler                     0x08002154   Section        0  ws2812b.o(i.WS2812B_IRQHandler)
    i.WS2812B_Init                           0x08002170   Section        0  ws2812b.o(i.WS2812B_Init)
    i.WS2812B_SetBuf                         0x0800218c   Section        0  ws2812b.o(i.WS2812B_SetBuf)
    i.WS2812B_UpdateBuf                      0x080021a8   Section        0  ws2812b.o(i.WS2812B_UpdateBuf)
    i.WhiteLight                             0x08002224   Section        0  main.o(i.WhiteLight)
    i.__scatterload_copy                     0x0800224c   Section       14  handlers.o(i.__scatterload_copy)
    i.__scatterload_null                     0x0800225a   Section        2  handlers.o(i.__scatterload_null)
    i.__scatterload_zeroinit                 0x0800225c   Section       14  handlers.o(i.__scatterload_zeroinit)
    i.main                                   0x0800226c   Section        0  main.o(i.main)
    .constdata                               0x080025ac   Section     1520  oled.o(.constdata)
    .constdata                               0x08002b9c   Section       12  mktime.o(.constdata)
    monlen                                   0x08002b9c   Data          12  mktime.o(.constdata)
    .constdata                               0x08002ba8   Section       12  localtime_i.o(.constdata)
    monlen                                   0x08002ba8   Data          12  localtime_i.o(.constdata)
    .conststring                             0x08002bb4   Section       44  main.o(.conststring)
    .data                                    0x20000000   Section        4  dma1.o(.data)
    .data                                    0x20000004   Section        4  tim3.o(.data)
    .data                                    0x20000008   Section       24  rtc.o(.data)
    .data                                    0x20000020   Section        3  tim4.o(.data)
    .data                                    0x20000023   Section        1  ws2812b.o(.data)
    .data                                    0x20000024   Section        8  key.o(.data)
    Key_Now                                  0x2000002a   Data           1  key.o(.data)
    Key_Last                                 0x2000002b   Data           1  key.o(.data)
    .data                                    0x2000002c   Section       36  main.o(.data)
    LoopCount                                0x20000048   Data           4  main.o(.data)
    i                                        0x2000004c   Data           1  main.o(.data)
    Color                                    0x2000004d   Data           1  main.o(.data)
    j                                        0x2000004e   Data           1  main.o(.data)
    j                                        0x2000004f   Data           1  main.o(.data)
    .data                                    0x20000050   Section        4  rand.o(.data)
    _rand_state                              0x20000050   Data           4  rand.o(.data)
    .bss                                     0x20000054   Section     6242  ws2812b.o(.bss)
    .bss                                     0x200018b8   Section       44  localtime_w.o(.bss)
    _tms                                     0x200018b8   Data          44  localtime_w.o(.bss)
    STACK                                    0x200018e8   Section     1024  startup_stm32f10x_md.o(STACK)

    Global Symbols

    Symbol Name                              Value     Ov Type        Size  Object(Section)

    BuildAttributes$$THM_ISAv4$P$D$K$B$S$PE$A:L22UL41UL21$X:L11$S22US41US21$IEEE1$IW$USESV6$~STKCKD$USESV7$~SHL$OSPACE$EBA8$MICROLIB$REQ8$PRES8$EABIv2 0x00000000   Number         0  anon$$obj.o ABSOLUTE
    __ARM_use_no_argv                        0x00000000   Number         0  main.o ABSOLUTE
    __cpp_initialize__aeabi_                  - Undefined Weak Reference
    __cxa_finalize                            - Undefined Weak Reference
    __decompress                              - Undefined Weak Reference
    _clock_init                               - Undefined Weak Reference
    _microlib_exit                            - Undefined Weak Reference
    __Vectors_Size                           0x000000ec   Number         0  startup_stm32f10x_md.o ABSOLUTE
    __Vectors                                0x08000000   Data           4  startup_stm32f10x_md.o(RESET)
    __Vectors_End                            0x080000ec   Data           0  startup_stm32f10x_md.o(RESET)
    __main                                   0x080000ed   Thumb Code     0  entry.o(.ARM.Collect$$$$00000000)
    _main_stk                                0x080000ed   Thumb Code     0  entry2.o(.ARM.Collect$$$$00000001)
    _main_scatterload                        0x080000f1   Thumb Code     0  entry5.o(.ARM.Collect$$$$00000004)
    __main_after_scatterload                 0x080000f5   Thumb Code     0  entry5.o(.ARM.Collect$$$$00000004)
    _main_clock                              0x080000f5   Thumb Code     0  entry7b.o(.ARM.Collect$$$$00000008)
    _main_cpp_init                           0x080000f5   Thumb Code     0  entry8b.o(.ARM.Collect$$$$0000000A)
    _main_init                               0x080000f5   Thumb Code     0  entry9a.o(.ARM.Collect$$$$0000000B)
    __rt_final_cpp                           0x080000fd   Thumb Code     0  entry10a.o(.ARM.Collect$$$$0000000D)
    __rt_final_exit                          0x080000fd   Thumb Code     0  entry11a.o(.ARM.Collect$$$$0000000F)
    Reset_Handler                            0x08000101   Thumb Code     8  startup_stm32f10x_md.o(.text)
    NMI_Handler                              0x08000109   Thumb Code     2  startup_stm32f10x_md.o(.text)
    HardFault_Handler                        0x0800010b   Thumb Code     2  startup_stm32f10x_md.o(.text)
    MemManage_Handler                        0x0800010d   Thumb Code     2  startup_stm32f10x_md.o(.text)
    BusFault_Handler                         0x0800010f   Thumb Code     2  startup_stm32f10x_md.o(.text)
    UsageFault_Handler                       0x08000111   Thumb Code     2  startup_stm32f10x_md.o(.text)
    SVC_Handler                              0x08000113   Thumb Code     2  startup_stm32f10x_md.o(.text)
    DebugMon_Handler                         0x08000115   Thumb Code     2  startup_stm32f10x_md.o(.text)
    PendSV_Handler                           0x08000117   Thumb Code     2  startup_stm32f10x_md.o(.text)
    SysTick_Handler                          0x08000119   Thumb Code     2  startup_stm32f10x_md.o(.text)
    ADC1_2_IRQHandler                        0x0800011b   Thumb Code     0  startup_stm32f10x_md.o(.text)
    CAN1_RX1_IRQHandler                      0x0800011b   Thumb Code     0  startup_stm32f10x_md.o(.text)
    CAN1_SCE_IRQHandler                      0x0800011b   Thumb Code     0  startup_stm32f10x_md.o(.text)
    DMA1_Channel1_IRQHandler                 0x0800011b   Thumb Code     0  startup_stm32f10x_md.o(.text)
    DMA1_Channel3_IRQHandler                 0x0800011b   Thumb Code     0  startup_stm32f10x_md.o(.text)
    DMA1_Channel4_IRQHandler                 0x0800011b   Thumb Code     0  startup_stm32f10x_md.o(.text)
    DMA1_Channel5_IRQHandler                 0x0800011b   Thumb Code     0  startup_stm32f10x_md.o(.text)
    DMA1_Channel6_IRQHandler                 0x0800011b   Thumb Code     0  startup_stm32f10x_md.o(.text)
    DMA1_Channel7_IRQHandler                 0x0800011b   Thumb Code     0  startup_stm32f10x_md.o(.text)
    EXTI1_IRQHandler                         0x0800011b   Thumb Code     0  startup_stm32f10x_md.o(.text)
    EXTI2_IRQHandler                         0x0800011b   Thumb Code     0  startup_stm32f10x_md.o(.text)
    EXTI4_IRQHandler                         0x0800011b   Thumb Code     0  startup_stm32f10x_md.o(.text)
    FLASH_IRQHandler                         0x0800011b   Thumb Code     0  startup_stm32f10x_md.o(.text)
    I2C1_ER_IRQHandler                       0x0800011b   Thumb Code     0  startup_stm32f10x_md.o(.text)
    I2C1_EV_IRQHandler                       0x0800011b   Thumb Code     0  startup_stm32f10x_md.o(.text)
    I2C2_ER_IRQHandler                       0x0800011b   Thumb Code     0  startup_stm32f10x_md.o(.text)
    I2C2_EV_IRQHandler                       0x0800011b   Thumb Code     0  startup_stm32f10x_md.o(.text)
    PVD_IRQHandler                           0x0800011b   Thumb Code     0  startup_stm32f10x_md.o(.text)
    RCC_IRQHandler                           0x0800011b   Thumb Code     0  startup_stm32f10x_md.o(.text)
    RTCAlarm_IRQHandler                      0x0800011b   Thumb Code     0  startup_stm32f10x_md.o(.text)
    RTC_IRQHandler                           0x0800011b   Thumb Code     0  startup_stm32f10x_md.o(.text)
    SPI1_IRQHandler                          0x0800011b   Thumb Code     0  startup_stm32f10x_md.o(.text)
    SPI2_IRQHandler                          0x0800011b   Thumb Code     0  startup_stm32f10x_md.o(.text)
    TAMPER_IRQHandler                        0x0800011b   Thumb Code     0  startup_stm32f10x_md.o(.text)
    TIM1_BRK_IRQHandler                      0x0800011b   Thumb Code     0  startup_stm32f10x_md.o(.text)
    TIM1_CC_IRQHandler                       0x0800011b   Thumb Code     0  startup_stm32f10x_md.o(.text)
    TIM1_TRG_COM_IRQHandler                  0x0800011b   Thumb Code     0  startup_stm32f10x_md.o(.text)
    TIM1_UP_IRQHandler                       0x0800011b   Thumb Code     0  startup_stm32f10x_md.o(.text)
    TIM2_IRQHandler                          0x0800011b   Thumb Code     0  startup_stm32f10x_md.o(.text)
    USART1_IRQHandler                        0x0800011b   Thumb Code     0  startup_stm32f10x_md.o(.text)
    USART2_IRQHandler                        0x0800011b   Thumb Code     0  startup_stm32f10x_md.o(.text)
    USART3_IRQHandler                        0x0800011b   Thumb Code     0  startup_stm32f10x_md.o(.text)
    USBWakeUp_IRQHandler                     0x0800011b   Thumb Code     0  startup_stm32f10x_md.o(.text)
    USB_HP_CAN1_TX_IRQHandler                0x0800011b   Thumb Code     0  startup_stm32f10x_md.o(.text)
    USB_LP_CAN1_RX0_IRQHandler               0x0800011b   Thumb Code     0  startup_stm32f10x_md.o(.text)
    WWDG_IRQHandler                          0x0800011b   Thumb Code     0  startup_stm32f10x_md.o(.text)
    rand                                     0x08000125   Thumb Code    20  rand.o(.text)
    srand                                    0x08000139   Thumb Code     6  rand.o(.text)
    mktime                                   0x08000149   Thumb Code   150  mktime.o(.text)
    __aeabi_memcpy                           0x080001f1   Thumb Code    36  memcpya.o(.text)
    __aeabi_memcpy4                          0x080001f1   Thumb Code     0  memcpya.o(.text)
    __aeabi_memcpy8                          0x080001f1   Thumb Code     0  memcpya.o(.text)
    localtime                                0x08000215   Thumb Code     6  localtime_w.o(.text)
    _localtime                               0x08000221   Thumb Code   134  localtime_i.o(.text)
    __scatterload                            0x080002ad   Thumb Code    28  init.o(.text)
    __scatterload_rt2                        0x080002ad   Thumb Code     0  init.o(.text)
    BKP_ReadBackupRegister                   0x080002d1   Thumb Code    24  stm32f10x_bkp.o(i.BKP_ReadBackupRegister)
    BKP_WriteBackupRegister                  0x080002ed   Thumb Code    22  stm32f10x_bkp.o(i.BKP_WriteBackupRegister)
    Close                                    0x08000309   Thumb Code    28  main.o(i.Close)
    ColorLight                               0x08000329   Thumb Code    98  main.o(i.ColorLight)
    ColorLight_Mode0                         0x08000399   Thumb Code   380  main.o(i.ColorLight_Mode0)
    ColorLight_Mode1                         0x08000521   Thumb Code   246  main.o(i.ColorLight_Mode1)
    ColorLight_Mode2                         0x08000629   Thumb Code   100  main.o(i.ColorLight_Mode2)
    ColorLight_Mode3                         0x08000699   Thumb Code    48  main.o(i.ColorLight_Mode3)
    DMA1_Channel2_IRQHandler                 0x080006d1   Thumb Code    24  dma1.o(i.DMA1_Channel2_IRQHandler)
    DMA1_Init                                0x080006ed   Thumb Code   118  dma1.o(i.DMA1_Init)
    DMA1_SetIRQHandler                       0x0800076d   Thumb Code     6  dma1.o(i.DMA1_SetIRQHandler)
    DMA1_Start                               0x08000779   Thumb Code    30  dma1.o(i.DMA1_Start)
    DMA_ClearFlag                            0x0800079d   Thumb Code    18  stm32f10x_dma.o(i.DMA_ClearFlag)
    DMA_Cmd                                  0x080007b9   Thumb Code    24  stm32f10x_dma.o(i.DMA_Cmd)
    DMA_DeInit                               0x080007d1   Thumb Code   324  stm32f10x_dma.o(i.DMA_DeInit)
    DMA_GetFlagStatus                        0x0800091d   Thumb Code    36  stm32f10x_dma.o(i.DMA_GetFlagStatus)
    DMA_ITConfig                             0x08000949   Thumb Code    18  stm32f10x_dma.o(i.DMA_ITConfig)
    DMA_Init                                 0x0800095b   Thumb Code    60  stm32f10x_dma.o(i.DMA_Init)
    DMA_SetCurrDataCounter                   0x08000997   Thumb Code     4  stm32f10x_dma.o(i.DMA_SetCurrDataCounter)
    Delay_ms                                 0x0800099b   Thumb Code    24  delay.o(i.Delay_ms)
    Delay_us                                 0x080009b3   Thumb Code    46  delay.o(i.Delay_us)
    EXTI0_IRQHandler                         0x080009e1   Thumb Code   168  key.o(i.EXTI0_IRQHandler)
    EXTI15_10_IRQHandler                     0x08000aa1   Thumb Code   110  key.o(i.EXTI15_10_IRQHandler)
    EXTI3_IRQHandler                         0x08000b29   Thumb Code    64  key.o(i.EXTI3_IRQHandler)
    EXTI9_5_IRQHandler                       0x08000b75   Thumb Code   110  key.o(i.EXTI9_5_IRQHandler)
    EXTI_ClearITPendingBit                   0x08000bfd   Thumb Code     6  stm32f10x_exti.o(i.EXTI_ClearITPendingBit)
    EXTI_GetITStatus                         0x08000c09   Thumb Code    34  stm32f10x_exti.o(i.EXTI_GetITStatus)
    EXTI_Init                                0x08000c31   Thumb Code   142  stm32f10x_exti.o(i.EXTI_Init)
    EXTI_Key_Init                            0x08000cc5   Thumb Code    32  exti.o(i.EXTI_Key_Init)
    GPIO_EXTILineConfig                      0x08000ce5   Thumb Code    60  stm32f10x_gpio.o(i.GPIO_EXTILineConfig)
    GPIO_Init                                0x08000d25   Thumb Code   278  stm32f10x_gpio.o(i.GPIO_Init)
    GPIO_ReadInputDataBit                    0x08000e3b   Thumb Code    18  stm32f10x_gpio.o(i.GPIO_ReadInputDataBit)
    GPIO_WriteBit                            0x08000e4d   Thumb Code    10  stm32f10x_gpio.o(i.GPIO_WriteBit)
    IO_InGet                                 0x08000e57   Thumb Code    16  io.o(i.IO_InGet)
    IO_InInit                                0x08000e67   Thumb Code    32  io.o(i.IO_InInit)
    Init                                     0x08000e89   Thumb Code    52  main.o(i.Init)
    Key_GetMode                              0x08000ec1   Thumb Code     6  key.o(i.Key_GetMode)
    Key_Init                                 0x08000ecd   Thumb Code   282  key.o(i.Key_Init)
    Key_Loop                                 0x08000ff1   Thumb Code    96  key.o(i.Key_Loop)
    Key_ResetMode                            0x08001061   Thumb Code     8  key.o(i.Key_ResetMode)
    MainLoop                                 0x0800106d   Thumb Code    64  main.o(i.MainLoop)
    NVIC_Init                                0x080010b9   Thumb Code   100  misc.o(i.NVIC_Init)
    NVIC_PriorityGroupConfig                 0x08001129   Thumb Code    10  misc.o(i.NVIC_PriorityGroupConfig)
    NVIC_Priority_Init                       0x0800113d   Thumb Code    12  nvic.o(i.NVIC_Priority_Init)
    OLED_Clear                               0x08001149   Thumb Code    42  oled.o(i.OLED_Clear)
    OLED_I2C_Init                            0x08001175   Thumb Code    76  oled.o(i.OLED_I2C_Init)
    OLED_I2C_SendByte                        0x080011c5   Thumb Code    80  oled.o(i.OLED_I2C_SendByte)
    OLED_I2C_Start                           0x08001219   Thumb Code    48  oled.o(i.OLED_I2C_Start)
    OLED_I2C_Stop                            0x0800124d   Thumb Code    36  oled.o(i.OLED_I2C_Stop)
    OLED_Init                                0x08001275   Thumb Code   174  oled.o(i.OLED_Init)
    OLED_Pow                                 0x08001323   Thumb Code    20  oled.o(i.OLED_Pow)
    OLED_SetCursor                           0x08001337   Thumb Code    34  oled.o(i.OLED_SetCursor)
    OLED_ShowChar                            0x08001359   Thumb Code   110  oled.o(i.OLED_ShowChar)
    OLED_ShowNum                             0x080013cd   Thumb Code    68  oled.o(i.OLED_ShowNum)
    OLED_ShowString                          0x08001411   Thumb Code    40  oled.o(i.OLED_ShowString)
    OLED_WriteCommand                        0x08001439   Thumb Code    32  oled.o(i.OLED_WriteCommand)
    OLED_WriteData                           0x08001459   Thumb Code    32  oled.o(i.OLED_WriteData)
    PWR_BackupAccessCmd                      0x08001479   Thumb Code     6  stm32f10x_pwr.o(i.PWR_BackupAccessCmd)
    PWR_WakeUpPinCmd                         0x08001485   Thumb Code     6  stm32f10x_pwr.o(i.PWR_WakeUpPinCmd)
    RCC_AHBPeriphClockCmd                    0x08001491   Thumb Code    26  stm32f10x_rcc.o(i.RCC_AHBPeriphClockCmd)
    RCC_APB1PeriphClockCmd                   0x080014b1   Thumb Code    26  stm32f10x_rcc.o(i.RCC_APB1PeriphClockCmd)
    RCC_APB1PeriphResetCmd                   0x080014d1   Thumb Code    26  stm32f10x_rcc.o(i.RCC_APB1PeriphResetCmd)
    RCC_APB2PeriphClockCmd                   0x080014f1   Thumb Code    26  stm32f10x_rcc.o(i.RCC_APB2PeriphClockCmd)
    RCC_APB2PeriphResetCmd                   0x08001511   Thumb Code    26  stm32f10x_rcc.o(i.RCC_APB2PeriphResetCmd)
    RCC_DeInit                               0x08001531   Thumb Code    64  stm32f10x_rcc.o(i.RCC_DeInit)
    RCC_GetFlagStatus                        0x0800157d   Thumb Code    56  stm32f10x_rcc.o(i.RCC_GetFlagStatus)
    RCC_GetSYSCLKSource                      0x080015b9   Thumb Code    10  stm32f10x_rcc.o(i.RCC_GetSYSCLKSource)
    RCC_HCLKConfig                           0x080015c9   Thumb Code    18  stm32f10x_rcc.o(i.RCC_HCLKConfig)
    RCC_HSEConfig                            0x080015e1   Thumb Code    70  stm32f10x_rcc.o(i.RCC_HSEConfig)
    RCC_Init                                 0x0800162d   Thumb Code    96  rcc.o(i.RCC_Init)
    RCC_LSEConfig                            0x0800168d   Thumb Code    46  stm32f10x_rcc.o(i.RCC_LSEConfig)
    RCC_PCLK1Config                          0x080016c1   Thumb Code    18  stm32f10x_rcc.o(i.RCC_PCLK1Config)
    RCC_PCLK2Config                          0x080016d9   Thumb Code    20  stm32f10x_rcc.o(i.RCC_PCLK2Config)
    RCC_PLLCmd                               0x080016f1   Thumb Code     6  stm32f10x_rcc.o(i.RCC_PLLCmd)
    RCC_PLLConfig                            0x080016fd   Thumb Code    24  stm32f10x_rcc.o(i.RCC_PLLConfig)
    RCC_RTCCLKCmd                            0x08001719   Thumb Code     6  stm32f10x_rcc.o(i.RCC_RTCCLKCmd)
    RCC_RTCCLKConfig                         0x08001725   Thumb Code    12  stm32f10x_rcc.o(i.RCC_RTCCLKConfig)
    RCC_SYSCLKConfig                         0x08001735   Thumb Code    18  stm32f10x_rcc.o(i.RCC_SYSCLKConfig)
    RCC_WaitForHSEStartUp                    0x0800174d   Thumb Code    56  stm32f10x_rcc.o(i.RCC_WaitForHSEStartUp)
    RTC_EnterConfigMode                      0x08001785   Thumb Code    14  stm32f10x_rtc.o(i.RTC_EnterConfigMode)
    RTC_ExitConfigMode                       0x08001799   Thumb Code    16  stm32f10x_rtc.o(i.RTC_ExitConfigMode)
    RTC_GetCounter                           0x080017ad   Thumb Code    16  stm32f10x_rtc.o(i.RTC_GetCounter)
    RTC_Init                                 0x080017c1   Thumb Code   126  rtc.o(i.RTC_Init)
    RTC_ReadTime                             0x08001841   Thumb Code    68  rtc.o(i.RTC_ReadTime)
    RTC_SetAlarmTime                         0x08001889   Thumb Code    52  rtc.o(i.RTC_SetAlarmTime)
    RTC_SetCounter                           0x080018c9   Thumb Code    24  stm32f10x_rtc.o(i.RTC_SetCounter)
    RTC_SetPrescaler                         0x080018e5   Thumb Code    26  stm32f10x_rtc.o(i.RTC_SetPrescaler)
    RTC_SetTime                              0x08001905   Thumb Code    70  rtc.o(i.RTC_SetTime)
    RTC_WaitForLastTask                      0x08001951   Thumb Code    16  stm32f10x_rtc.o(i.RTC_WaitForLastTask)
    RTC_WaitForSynchro                       0x08001965   Thumb Code    30  stm32f10x_rtc.o(i.RTC_WaitForSynchro)
    RTC_WriteInit                            0x08001989   Thumb Code    12  rtc.o(i.RTC_WriteInit)
    SystemInit                               0x08001a7d   Thumb Code    78  system_stm32f10x.o(i.SystemInit)
    TIM2_Cmd                                 0x08001add   Thumb Code    16  tim2.o(i.TIM2_Cmd)
    TIM2_Init                                0x08001aed   Thumb Code   158  tim2.o(i.TIM2_Init)
    TIM2_SetCompare2                         0x08001b91   Thumb Code    16  tim2.o(i.TIM2_SetCompare2)
    TIM3_IRQHandler                          0x08001ba1   Thumb Code    28  tim3.o(i.TIM3_IRQHandler)
    TIM3_Init                                0x08001bc5   Thumb Code   104  tim3.o(i.TIM3_Init)
    TIM3_SetIRQHandler                       0x08001c31   Thumb Code     6  tim3.o(i.TIM3_SetIRQHandler)
    TIM4_IRQHandler                          0x08001c3d   Thumb Code   156  tim4.o(i.TIM4_IRQHandler)
    TIM4_Init                                0x08001cf5   Thumb Code   114  tim4.o(i.TIM4_Init)
    TIM_ClearFlag                            0x08001d6d   Thumb Code     6  stm32f10x_tim.o(i.TIM_ClearFlag)
    TIM_ClearITPendingBit                    0x08001d73   Thumb Code     6  stm32f10x_tim.o(i.TIM_ClearITPendingBit)
    TIM_Cmd                                  0x08001d79   Thumb Code    24  stm32f10x_tim.o(i.TIM_Cmd)
    TIM_CtrlPWMOutputs                       0x08001d91   Thumb Code    30  stm32f10x_tim.o(i.TIM_CtrlPWMOutputs)
    TIM_DMACmd                               0x08001daf   Thumb Code    18  stm32f10x_tim.o(i.TIM_DMACmd)
    TIM_DMAConfig                            0x08001dc1   Thumb Code    10  stm32f10x_tim.o(i.TIM_DMAConfig)
    TIM_DeInit                               0x08001dcd   Thumb Code   424  stm32f10x_tim.o(i.TIM_DeInit)
    TIM_GetFlagStatus                        0x08001fb5   Thumb Code    18  stm32f10x_tim.o(i.TIM_GetFlagStatus)
    TIM_GetITStatus                          0x08001fc7   Thumb Code    34  stm32f10x_tim.o(i.TIM_GetITStatus)
    TIM_ITConfig                             0x08001fe9   Thumb Code    18  stm32f10x_tim.o(i.TIM_ITConfig)
    TIM_InternalClockConfig                  0x08001ffb   Thumb Code    12  stm32f10x_tim.o(i.TIM_InternalClockConfig)
    TIM_OC2Init                              0x08002009   Thumb Code   154  stm32f10x_tim.o(i.TIM_OC2Init)
    TIM_SetCompare2                          0x080020ad   Thumb Code     4  stm32f10x_tim.o(i.TIM_SetCompare2)
    TIM_TimeBaseInit                         0x080020b1   Thumb Code   122  stm32f10x_tim.o(i.TIM_TimeBaseInit)
    WS2812B_IRQHandler                       0x08002155   Thumb Code    22  ws2812b.o(i.WS2812B_IRQHandler)
    WS2812B_Init                             0x08002171   Thumb Code    20  ws2812b.o(i.WS2812B_Init)
    WS2812B_SetBuf                           0x0800218d   Thumb Code    22  ws2812b.o(i.WS2812B_SetBuf)
    WS2812B_UpdateBuf                        0x080021a9   Thumb Code   112  ws2812b.o(i.WS2812B_UpdateBuf)
    WhiteLight                               0x08002225   Thumb Code    30  main.o(i.WhiteLight)
    __scatterload_copy                       0x0800224d   Thumb Code    14  handlers.o(i.__scatterload_copy)
    __scatterload_null                       0x0800225b   Thumb Code     2  handlers.o(i.__scatterload_null)
    __scatterload_zeroinit                   0x0800225d   Thumb Code    14  handlers.o(i.__scatterload_zeroinit)
    main                                     0x0800226d   Thumb Code   714  main.o(i.main)
    OLED_F8x16                               0x080025ac   Data        1520  oled.o(.constdata)
    Region$$Table$$Base                      0x08002be0   Number         0  anon$$obj.o(Region$$Table)
    Region$$Table$$Limit                     0x08002c00   Number         0  anon$$obj.o(Region$$Table)
    DMA1_Handler                             0x20000000   Data           4  dma1.o(.data)
    TIM3_Handler                             0x20000004   Data           4  tim3.o(.data)
    RTC_Time                                 0x20000008   Data          12  rtc.o(.data)
    Alarm_Time                               0x20000014   Data           6  rtc.o(.data)
    Total_Seconds                            0x2000001a   Data           2  rtc.o(.data)
    Alarm_Start_Time                         0x2000001c   Data           4  rtc.o(.data)
    num                                      0x20000020   Data           2  tim4.o(.data)
    Alarm_up                                 0x20000022   Data           1  tim4.o(.data)
    WS2812B_Flag                             0x20000023   Data           1  ws2812b.o(.data)
    Key_Mode                                 0x20000024   Data           1  key.o(.data)
    Alarm_Set_Flag                           0x20000025   Data           1  key.o(.data)
    Alarm_SetHour_Flag                       0x20000026   Data           1  key.o(.data)
    Alarm_SetMin_Flag                        0x20000027   Data           1  key.o(.data)
    Alarm_Setted                             0x20000028   Data           1  key.o(.data)
    Sleep_Flag                               0x20000029   Data           1  key.o(.data)
    mode                                     0x2000002c   Data           1  main.o(.data)
    UpdateFlag                               0x2000002d   Data           1  main.o(.data)
    ColorLight_Mode                          0x2000002e   Data           1  main.o(.data)
    ColorLight_Flag                          0x2000002f   Data           1  main.o(.data)
    ColorLight_Time                          0x20000030   Data           2  main.o(.data)
    Mode                                     0x20000034   Data          20  main.o(.data)
    WS2812B_Buf                              0x20000054   Data         480  ws2812b.o(.bss)
    WS2812B_Bit                              0x20000234   Data        5762  ws2812b.o(.bss)
    __initial_sp                             0x20001ce8   Data           0  startup_stm32f10x_md.o(STACK)



==============================================================================

Memory Map of the image

  Image Entry point : 0x080000ed

  Load Region LR_IROM1 (Base: 0x08000000, Size: 0x00002c54, Max: 0x00010000, ABSOLUTE)

    Execution Region ER_IROM1 (Exec base: 0x08000000, Load base: 0x08000000, Size: 0x00002c00, Max: 0x00010000, ABSOLUTE)

    Exec Addr    Load Addr    Size         Type   Attr      Idx    E Section Name        Object

    0x08000000   0x08000000   0x000000ec   Data   RO          132    RESET               startup_stm32f10x_md.o
    0x080000ec   0x080000ec   0x00000000   Code   RO         3708  * .ARM.Collect$$$$00000000  mc_w.l(entry.o)
    0x080000ec   0x080000ec   0x00000004   Code   RO         3725    .ARM.Collect$$$$00000001  mc_w.l(entry2.o)
    0x080000f0   0x080000f0   0x00000004   Code   RO         3728    .ARM.Collect$$$$00000004  mc_w.l(entry5.o)
    0x080000f4   0x080000f4   0x00000000   Code   RO         3730    .ARM.Collect$$$$00000008  mc_w.l(entry7b.o)
    0x080000f4   0x080000f4   0x00000000   Code   RO         3732    .ARM.Collect$$$$0000000A  mc_w.l(entry8b.o)
    0x080000f4   0x080000f4   0x00000008   Code   RO         3733    .ARM.Collect$$$$0000000B  mc_w.l(entry9a.o)
    0x080000fc   0x080000fc   0x00000000   Code   RO         3735    .ARM.Collect$$$$0000000D  mc_w.l(entry10a.o)
    0x080000fc   0x080000fc   0x00000000   Code   RO         3737    .ARM.Collect$$$$0000000F  mc_w.l(entry11a.o)
    0x080000fc   0x080000fc   0x00000004   Code   RO         3726    .ARM.Collect$$$$00002712  mc_w.l(entry2.o)
    0x08000100   0x08000100   0x00000024   Code   RO          133    .text               startup_stm32f10x_md.o
    0x08000124   0x08000124   0x00000024   Code   RO         3711    .text               mc_w.l(rand.o)
    0x08000148   0x08000148   0x000000a8   Code   RO         3718    .text               mc_w.l(mktime.o)
    0x080001f0   0x080001f0   0x00000024   Code   RO         3721    .text               mc_w.l(memcpya.o)
    0x08000214   0x08000214   0x0000000c   Code   RO         3739    .text               mc_w.l(localtime_w.o)
    0x08000220   0x08000220   0x0000008c   Code   RO         3742    .text               mc_w.l(localtime_i.o)
    0x080002ac   0x080002ac   0x00000024   Code   RO         3745    .text               mc_w.l(init.o)
    0x080002d0   0x080002d0   0x0000001c   Code   RO          425    i.BKP_ReadBackupRegister  stm32f10x_bkp.o
    0x080002ec   0x080002ec   0x0000001c   Code   RO          429    i.BKP_WriteBackupRegister  stm32f10x_bkp.o
    0x08000308   0x08000308   0x00000020   Code   RO         3618    i.Close             main.o
    0x08000328   0x08000328   0x00000070   Code   RO         3619    i.ColorLight        main.o
    0x08000398   0x08000398   0x00000188   Code   RO         3620    i.ColorLight_Mode0  main.o
    0x08000520   0x08000520   0x00000108   Code   RO         3621    i.ColorLight_Mode1  main.o
    0x08000628   0x08000628   0x00000070   Code   RO         3622    i.ColorLight_Mode2  main.o
    0x08000698   0x08000698   0x00000038   Code   RO         3623    i.ColorLight_Mode3  main.o
    0x080006d0   0x080006d0   0x0000001c   Code   RO         3199    i.DMA1_Channel2_IRQHandler  dma1.o
    0x080006ec   0x080006ec   0x00000080   Code   RO         3200    i.DMA1_Init         dma1.o
    0x0800076c   0x0800076c   0x0000000c   Code   RO         3201    i.DMA1_SetIRQHandler  dma1.o
    0x08000778   0x08000778   0x00000024   Code   RO         3202    i.DMA1_Start        dma1.o
    0x0800079c   0x0800079c   0x0000001c   Code   RO          885    i.DMA_ClearFlag     stm32f10x_dma.o
    0x080007b8   0x080007b8   0x00000018   Code   RO          887    i.DMA_Cmd           stm32f10x_dma.o
    0x080007d0   0x080007d0   0x0000014c   Code   RO          888    i.DMA_DeInit        stm32f10x_dma.o
    0x0800091c   0x0800091c   0x0000002c   Code   RO          890    i.DMA_GetFlagStatus  stm32f10x_dma.o
    0x08000948   0x08000948   0x00000012   Code   RO          892    i.DMA_ITConfig      stm32f10x_dma.o
    0x0800095a   0x0800095a   0x0000003c   Code   RO          893    i.DMA_Init          stm32f10x_dma.o
    0x08000996   0x08000996   0x00000004   Code   RO          894    i.DMA_SetCurrDataCounter  stm32f10x_dma.o
    0x0800099a   0x0800099a   0x00000018   Code   RO         3265    i.Delay_ms          delay.o
    0x080009b2   0x080009b2   0x0000002e   Code   RO         3267    i.Delay_us          delay.o
    0x080009e0   0x080009e0   0x000000c0   Code   RO         3436    i.EXTI0_IRQHandler  key.o
    0x08000aa0   0x08000aa0   0x00000088   Code   RO         3437    i.EXTI15_10_IRQHandler  key.o
    0x08000b28   0x08000b28   0x0000004c   Code   RO         3438    i.EXTI3_IRQHandler  key.o
    0x08000b74   0x08000b74   0x00000088   Code   RO         3439    i.EXTI9_5_IRQHandler  key.o
    0x08000bfc   0x08000bfc   0x0000000c   Code   RO          958    i.EXTI_ClearITPendingBit  stm32f10x_exti.o
    0x08000c08   0x08000c08   0x00000028   Code   RO          962    i.EXTI_GetITStatus  stm32f10x_exti.o
    0x08000c30   0x08000c30   0x00000094   Code   RO          963    i.EXTI_Init         stm32f10x_exti.o
    0x08000cc4   0x08000cc4   0x00000020   Code   RO         3378    i.EXTI_Key_Init     exti.o
    0x08000ce4   0x08000ce4   0x00000040   Code   RO         1308    i.GPIO_EXTILineConfig  stm32f10x_gpio.o
    0x08000d24   0x08000d24   0x00000116   Code   RO         1311    i.GPIO_Init         stm32f10x_gpio.o
    0x08000e3a   0x08000e3a   0x00000012   Code   RO         1315    i.GPIO_ReadInputDataBit  stm32f10x_gpio.o
    0x08000e4c   0x08000e4c   0x0000000a   Code   RO         1322    i.GPIO_WriteBit     stm32f10x_gpio.o
    0x08000e56   0x08000e56   0x00000010   Code   RO         3139    i.IO_InGet          io.o
    0x08000e66   0x08000e66   0x00000020   Code   RO         3140    i.IO_InInit         io.o
    0x08000e86   0x08000e86   0x00000002   PAD
    0x08000e88   0x08000e88   0x00000038   Code   RO         3624    i.Init              main.o
    0x08000ec0   0x08000ec0   0x0000000c   Code   RO         3440    i.Key_GetMode       key.o
    0x08000ecc   0x08000ecc   0x00000124   Code   RO         3441    i.Key_Init          key.o
    0x08000ff0   0x08000ff0   0x00000070   Code   RO         3442    i.Key_Loop          key.o
    0x08001060   0x08001060   0x0000000c   Code   RO         3443    i.Key_ResetMode     key.o
    0x0800106c   0x0800106c   0x0000004c   Code   RO         3625    i.MainLoop          main.o
    0x080010b8   0x080010b8   0x00000070   Code   RO          137    i.NVIC_Init         misc.o
    0x08001128   0x08001128   0x00000014   Code   RO          138    i.NVIC_PriorityGroupConfig  misc.o
    0x0800113c   0x0800113c   0x0000000c   Code   RO         3366    i.NVIC_Priority_Init  nvic.o
    0x08001148   0x08001148   0x0000002a   Code   RO         3510    i.OLED_Clear        oled.o
    0x08001172   0x08001172   0x00000002   PAD
    0x08001174   0x08001174   0x00000050   Code   RO         3511    i.OLED_I2C_Init     oled.o
    0x080011c4   0x080011c4   0x00000054   Code   RO         3512    i.OLED_I2C_SendByte  oled.o
    0x08001218   0x08001218   0x00000034   Code   RO         3513    i.OLED_I2C_Start    oled.o
    0x0800124c   0x0800124c   0x00000028   Code   RO         3514    i.OLED_I2C_Stop     oled.o
    0x08001274   0x08001274   0x000000ae   Code   RO         3515    i.OLED_Init         oled.o
    0x08001322   0x08001322   0x00000014   Code   RO         3516    i.OLED_Pow          oled.o
    0x08001336   0x08001336   0x00000022   Code   RO         3517    i.OLED_SetCursor    oled.o
    0x08001358   0x08001358   0x00000074   Code   RO         3519    i.OLED_ShowChar     oled.o
    0x080013cc   0x080013cc   0x00000044   Code   RO         3521    i.OLED_ShowNum      oled.o
    0x08001410   0x08001410   0x00000028   Code   RO         3523    i.OLED_ShowString   oled.o
    0x08001438   0x08001438   0x00000020   Code   RO         3524    i.OLED_WriteCommand  oled.o
    0x08001458   0x08001458   0x00000020   Code   RO         3525    i.OLED_WriteData    oled.o
    0x08001478   0x08001478   0x0000000c   Code   RO         1665    i.PWR_BackupAccessCmd  stm32f10x_pwr.o
    0x08001484   0x08001484   0x0000000c   Code   RO         1673    i.PWR_WakeUpPinCmd  stm32f10x_pwr.o
    0x08001490   0x08001490   0x00000020   Code   RO         1726    i.RCC_AHBPeriphClockCmd  stm32f10x_rcc.o
    0x080014b0   0x080014b0   0x00000020   Code   RO         1727    i.RCC_APB1PeriphClockCmd  stm32f10x_rcc.o
    0x080014d0   0x080014d0   0x00000020   Code   RO         1728    i.RCC_APB1PeriphResetCmd  stm32f10x_rcc.o
    0x080014f0   0x080014f0   0x00000020   Code   RO         1729    i.RCC_APB2PeriphClockCmd  stm32f10x_rcc.o
    0x08001510   0x08001510   0x00000020   Code   RO         1730    i.RCC_APB2PeriphResetCmd  stm32f10x_rcc.o
    0x08001530   0x08001530   0x0000004c   Code   RO         1736    i.RCC_DeInit        stm32f10x_rcc.o
    0x0800157c   0x0800157c   0x0000003c   Code   RO         1738    i.RCC_GetFlagStatus  stm32f10x_rcc.o
    0x080015b8   0x080015b8   0x00000010   Code   RO         1740    i.RCC_GetSYSCLKSource  stm32f10x_rcc.o
    0x080015c8   0x080015c8   0x00000018   Code   RO         1741    i.RCC_HCLKConfig    stm32f10x_rcc.o
    0x080015e0   0x080015e0   0x0000004c   Code   RO         1742    i.RCC_HSEConfig     stm32f10x_rcc.o
    0x0800162c   0x0800162c   0x00000060   Code   RO         3127    i.RCC_Init          rcc.o
    0x0800168c   0x0800168c   0x00000034   Code   RO         1745    i.RCC_LSEConfig     stm32f10x_rcc.o
    0x080016c0   0x080016c0   0x00000018   Code   RO         1748    i.RCC_PCLK1Config   stm32f10x_rcc.o
    0x080016d8   0x080016d8   0x00000018   Code   RO         1749    i.RCC_PCLK2Config   stm32f10x_rcc.o
    0x080016f0   0x080016f0   0x0000000c   Code   RO         1750    i.RCC_PLLCmd        stm32f10x_rcc.o
    0x080016fc   0x080016fc   0x0000001c   Code   RO         1751    i.RCC_PLLConfig     stm32f10x_rcc.o
    0x08001718   0x08001718   0x0000000c   Code   RO         1752    i.RCC_RTCCLKCmd     stm32f10x_rcc.o
    0x08001724   0x08001724   0x00000010   Code   RO         1753    i.RCC_RTCCLKConfig  stm32f10x_rcc.o
    0x08001734   0x08001734   0x00000018   Code   RO         1754    i.RCC_SYSCLKConfig  stm32f10x_rcc.o
    0x0800174c   0x0800174c   0x00000038   Code   RO         1756    i.RCC_WaitForHSEStartUp  stm32f10x_rcc.o
    0x08001784   0x08001784   0x00000014   Code   RO         1927    i.RTC_EnterConfigMode  stm32f10x_rtc.o
    0x08001798   0x08001798   0x00000014   Code   RO         1928    i.RTC_ExitConfigMode  stm32f10x_rtc.o
    0x080017ac   0x080017ac   0x00000014   Code   RO         1929    i.RTC_GetCounter    stm32f10x_rtc.o
    0x080017c0   0x080017c0   0x0000007e   Code   RO         3289    i.RTC_Init          rtc.o
    0x0800183e   0x0800183e   0x00000002   PAD
    0x08001840   0x08001840   0x00000048   Code   RO         3291    i.RTC_ReadTime      rtc.o
    0x08001888   0x08001888   0x00000040   Code   RO         3292    i.RTC_SetAlarmTime  rtc.o
    0x080018c8   0x080018c8   0x0000001c   Code   RO         1935    i.RTC_SetCounter    stm32f10x_rtc.o
    0x080018e4   0x080018e4   0x00000020   Code   RO         1936    i.RTC_SetPrescaler  stm32f10x_rtc.o
    0x08001904   0x08001904   0x0000004c   Code   RO         3293    i.RTC_SetTime       rtc.o
    0x08001950   0x08001950   0x00000014   Code   RO         1937    i.RTC_WaitForLastTask  stm32f10x_rtc.o
    0x08001964   0x08001964   0x00000024   Code   RO         1938    i.RTC_WaitForSynchro  stm32f10x_rtc.o
    0x08001988   0x08001988   0x0000000c   Code   RO         3294    i.RTC_WriteInit     rtc.o
    0x08001994   0x08001994   0x00000008   Code   RO           17    i.SetSysClock       system_stm32f10x.o
    0x0800199c   0x0800199c   0x000000e0   Code   RO           18    i.SetSysClockTo72   system_stm32f10x.o
    0x08001a7c   0x08001a7c   0x00000060   Code   RO           20    i.SystemInit        system_stm32f10x.o
    0x08001adc   0x08001adc   0x00000010   Code   RO         3175    i.TIM2_Cmd          tim2.o
    0x08001aec   0x08001aec   0x000000a4   Code   RO         3176    i.TIM2_Init         tim2.o
    0x08001b90   0x08001b90   0x00000010   Code   RO         3177    i.TIM2_SetCompare2  tim2.o
    0x08001ba0   0x08001ba0   0x00000024   Code   RO         3233    i.TIM3_IRQHandler   tim3.o
    0x08001bc4   0x08001bc4   0x0000006c   Code   RO         3234    i.TIM3_Init         tim3.o
    0x08001c30   0x08001c30   0x0000000c   Code   RO         3235    i.TIM3_SetIRQHandler  tim3.o
    0x08001c3c   0x08001c3c   0x000000b8   Code   RO         3340    i.TIM4_IRQHandler   tim4.o
    0x08001cf4   0x08001cf4   0x00000078   Code   RO         3341    i.TIM4_Init         tim4.o
    0x08001d6c   0x08001d6c   0x00000006   Code   RO         2355    i.TIM_ClearFlag     stm32f10x_tim.o
    0x08001d72   0x08001d72   0x00000006   Code   RO         2356    i.TIM_ClearITPendingBit  stm32f10x_tim.o
    0x08001d78   0x08001d78   0x00000018   Code   RO         2361    i.TIM_Cmd           stm32f10x_tim.o
    0x08001d90   0x08001d90   0x0000001e   Code   RO         2363    i.TIM_CtrlPWMOutputs  stm32f10x_tim.o
    0x08001dae   0x08001dae   0x00000012   Code   RO         2364    i.TIM_DMACmd        stm32f10x_tim.o
    0x08001dc0   0x08001dc0   0x0000000a   Code   RO         2365    i.TIM_DMAConfig     stm32f10x_tim.o
    0x08001dca   0x08001dca   0x00000002   PAD
    0x08001dcc   0x08001dcc   0x000001e8   Code   RO         2366    i.TIM_DeInit        stm32f10x_tim.o
    0x08001fb4   0x08001fb4   0x00000012   Code   RO         2381    i.TIM_GetFlagStatus  stm32f10x_tim.o
    0x08001fc6   0x08001fc6   0x00000022   Code   RO         2382    i.TIM_GetITStatus   stm32f10x_tim.o
    0x08001fe8   0x08001fe8   0x00000012   Code   RO         2386    i.TIM_ITConfig      stm32f10x_tim.o
    0x08001ffa   0x08001ffa   0x0000000c   Code   RO         2388    i.TIM_InternalClockConfig  stm32f10x_tim.o
    0x08002006   0x08002006   0x00000002   PAD
    0x08002008   0x08002008   0x000000a4   Code   RO         2395    i.TIM_OC2Init       stm32f10x_tim.o
    0x080020ac   0x080020ac   0x00000004   Code   RO         2423    i.TIM_SetCompare2   stm32f10x_tim.o
    0x080020b0   0x080020b0   0x000000a4   Code   RO         2432    i.TIM_TimeBaseInit  stm32f10x_tim.o
    0x08002154   0x08002154   0x0000001c   Code   RO         3391    i.WS2812B_IRQHandler  ws2812b.o
    0x08002170   0x08002170   0x0000001c   Code   RO         3392    i.WS2812B_Init      ws2812b.o
    0x0800218c   0x0800218c   0x0000001c   Code   RO         3393    i.WS2812B_SetBuf    ws2812b.o
    0x080021a8   0x080021a8   0x0000007c   Code   RO         3394    i.WS2812B_UpdateBuf  ws2812b.o
    0x08002224   0x08002224   0x00000028   Code   RO         3626    i.WhiteLight        main.o
    0x0800224c   0x0800224c   0x0000000e   Code   RO         3749    i.__scatterload_copy  mc_w.l(handlers.o)
    0x0800225a   0x0800225a   0x00000002   Code   RO         3750    i.__scatterload_null  mc_w.l(handlers.o)
    0x0800225c   0x0800225c   0x0000000e   Code   RO         3751    i.__scatterload_zeroinit  mc_w.l(handlers.o)
    0x0800226a   0x0800226a   0x00000002   PAD
    0x0800226c   0x0800226c   0x00000340   Code   RO         3627    i.main              main.o
    0x080025ac   0x080025ac   0x000005f0   Data   RO         3526    .constdata          oled.o
    0x08002b9c   0x08002b9c   0x0000000c   Data   RO         3719    .constdata          mc_w.l(mktime.o)
    0x08002ba8   0x08002ba8   0x0000000c   Data   RO         3743    .constdata          mc_w.l(localtime_i.o)
    0x08002bb4   0x08002bb4   0x0000002c   Data   RO         3628    .conststring        main.o
    0x08002be0   0x08002be0   0x00000020   Data   RO         3747    Region$$Table       anon$$obj.o


    Execution Region RW_IRAM1 (Exec base: 0x20000000, Load base: 0x08002c00, Size: 0x00001ce8, Max: 0x00005000, ABSOLUTE)

    Exec Addr    Load Addr    Size         Type   Attr      Idx    E Section Name        Object

    0x20000000   0x08002c00   0x00000004   Data   RW         3203    .data               dma1.o
    0x20000004   0x08002c04   0x00000004   Data   RW         3236    .data               tim3.o
    0x20000008   0x08002c08   0x00000018   Data   RW         3295    .data               rtc.o
    0x20000020   0x08002c20   0x00000003   Data   RW         3342    .data               tim4.o
    0x20000023   0x08002c23   0x00000001   Data   RW         3396    .data               ws2812b.o
    0x20000024   0x08002c24   0x00000008   Data   RW         3444    .data               key.o
    0x2000002c   0x08002c2c   0x00000024   Data   RW         3629    .data               main.o
    0x20000050   0x08002c50   0x00000004   Data   RW         3712    .data               mc_w.l(rand.o)
    0x20000054        -       0x00001862   Zero   RW         3395    .bss                ws2812b.o
    0x200018b6   0x08002c54   0x00000002   PAD
    0x200018b8        -       0x0000002c   Zero   RW         3740    .bss                mc_w.l(localtime_w.o)
    0x200018e4   0x08002c54   0x00000004   PAD
    0x200018e8        -       0x00000400   Zero   RW          130    STACK               startup_stm32f10x_md.o


==============================================================================

Image component sizes


      Code (inc. data)   RO Data    RW Data    ZI Data      Debug   Object Name

         0          0          0          0          0       4556   core_cm3.o
        70          0          0          0          0       1018   delay.o
       204         26          0          4          0       2812   dma1.o
        32          0          0          0          0        616   exti.o
        48          0          0          0          0       1487   io.o
       968        124          0          8          0       4909   key.o
      1972        218         44         36          0       7394   main.o
       132         22          0          0          0     207231   misc.o
        12          0          0          0          0        481   nvic.o
       814         22       1520          0          0       8273   oled.o
        96          0          0          0          0        547   rcc.o
       350         22          0         24          0       4455   rtc.o
        36          8        236          0       1024        812   startup_stm32f10x_md.o
        56         10          0          0          0       2251   stm32f10x_bkp.o
       510         26          0          0          0       5834   stm32f10x_dma.o
       200         18          0          0          0       2180   stm32f10x_exti.o
       370          4          0          0          0       3870   stm32f10x_gpio.o
        24         12          0          0          0       1061   stm32f10x_pwr.o
       660        106          0          0          0      13167   stm32f10x_rcc.o
       176         34          0          0          0       3663   stm32f10x_rtc.o
       996        116          0          0          0       9251   stm32f10x_tim.o
       328         28          0          0          0      49413   system_stm32f10x.o
       196          6          0          0          0       1710   tim2.o
       156         18          0          4          0       2150   tim3.o
       304         34          0          3          0       1425   tim4.o
       208         32          0          1       6242       2888   ws2812b.o

    ----------------------------------------------------------------------
      8928        886       1832         80       7268     343454   Object Totals
         0          0         32          0          0          0   (incl. Generated)
        10          0          0          0          2          0   (incl. Padding)

    ----------------------------------------------------------------------

      Code (inc. data)   RO Data    RW Data    ZI Data      Debug   Library Member Name

         0          0          0          0          0          0   entry.o
         0          0          0          0          0          0   entry10a.o
         0          0          0          0          0          0   entry11a.o
         8          4          0          0          0          0   entry2.o
         4          0          0          0          0          0   entry5.o
         0          0          0          0          0          0   entry7b.o
         0          0          0          0          0          0   entry8b.o
         8          4          0          0          0          0   entry9a.o
        30          0          0          0          0          0   handlers.o
        36          8          0          0          0         68   init.o
       140          6         12          0          0         76   localtime_i.o
        12          6          0          0         44         68   localtime_w.o
        36          0          0          0          0         68   memcpya.o
       168         18         12          0          0         80   mktime.o
        36         10          0          4          0        136   rand.o

    ----------------------------------------------------------------------
       480         56         24          4         48        496   Library Totals
         2          0          0          0          4          0   (incl. Padding)

    ----------------------------------------------------------------------

      Code (inc. data)   RO Data    RW Data    ZI Data      Debug   Library Name

       478         56         24          4         44        496   mc_w.l

    ----------------------------------------------------------------------
       480         56         24          4         48        496   Library Totals

    ----------------------------------------------------------------------

==============================================================================


      Code (inc. data)   RO Data    RW Data    ZI Data      Debug   

      9408        942       1856         84       7316     337862   Grand Totals
      9408        942       1856         84       7316     337862   ELF Image Totals
      9408        942       1856         84          0          0   ROM Totals

==============================================================================

    Total RO  Size (Code + RO Data)                11264 (  11.00kB)
    Total RW  Size (RW Data + ZI Data)              7400 (   7.23kB)
    Total ROM Size (Code + RO Data + RW Data)      11348 (  11.08kB)

==============================================================================

